Archive member included to satisfy reference by file (symbol)

app/libapp.a(main.c.obj)      (--whole-archive)
zephyr/libzephyr.a(heap.c.obj)
                              (--whole-archive)
zephyr/libzephyr.a(mem_blocks.c.obj)
                              (--whole-archive)
zephyr/libzephyr.a(cbprintf_packaged.c.obj)
                              (--whole-archive)
zephyr/libzephyr.a(printk.c.obj)
                              (--whole-archive)
zephyr/libzephyr.a(sem.c.obj)
                              (--whole-archive)
zephyr/libzephyr.a(thread_entry.c.obj)
                              (--whole-archive)
zephyr/libzephyr.a(cbprintf_complete.c.obj)
                              (--whole-archive)
zephyr/libzephyr.a(assert.c.obj)
                              (--whole-archive)
zephyr/libzephyr.a(mpsc_pbuf.c.obj)
                              (--whole-archive)
zephyr/libzephyr.a(p4wq.c.obj)
                              (--whole-archive)
zephyr/libzephyr.a(dec.c.obj)
                              (--whole-archive)
zephyr/libzephyr.a(hex.c.obj)
                              (--whole-archive)
zephyr/libzephyr.a(rb.c.obj)  (--whole-archive)
zephyr/libzephyr.a(timeutil.c.obj)
                              (--whole-archive)
zephyr/libzephyr.a(bitarray.c.obj)
                              (--whole-archive)
zephyr/libzephyr.a(onoff.c.obj)
                              (--whole-archive)
zephyr/libzephyr.a(notify.c.obj)
                              (--whole-archive)
zephyr/libzephyr.a(configs.c.obj)
                              (--whole-archive)
zephyr/libzephyr.a(log_core.c.obj)
                              (--whole-archive)
zephyr/libzephyr.a(log_mgmt.c.obj)
                              (--whole-archive)
zephyr/libzephyr.a(log_cache.c.obj)
                              (--whole-archive)
zephyr/libzephyr.a(log_msg.c.obj)
                              (--whole-archive)
zephyr/libzephyr.a(log_output.c.obj)
                              (--whole-archive)
zephyr/libzephyr.a(log_backend_rtt.c.obj)
                              (--whole-archive)
zephyr/libzephyr.a(log_backend_uart.c.obj)
                              (--whole-archive)
zephyr/libzephyr.a(mem_attr.c.obj)
                              (--whole-archive)
zephyr/libzephyr.a(tracing_none.c.obj)
                              (--whole-archive)
zephyr/libzephyr.a(banner.c.obj)
                              (--whole-archive)
zephyr/libzephyr.a(flash_map_partition_manager.c.obj)
                              (--whole-archive)
zephyr/libzephyr.a(nrf_cc3xx_platform_abort_zephyr.c.obj)
                              (--whole-archive)
zephyr/libzephyr.a(nrf_cc3xx_platform_mutex_zephyr.c.obj)
                              (--whole-archive)
zephyr/arch/common/libarch__common.a(sw_isr_common.c.obj)
                              (--whole-archive)
zephyr/arch/arch/arm/core/libarch__arm__core.a(fatal.c.obj)
                              (--whole-archive)
zephyr/arch/arch/arm/core/libarch__arm__core.a(nmi.c.obj)
                              (--whole-archive)
zephyr/arch/arch/arm/core/libarch__arm__core.a(nmi_on_reset.S.obj)
                              (--whole-archive)
zephyr/arch/arch/arm/core/libarch__arm__core.a(tls.c.obj)
                              (--whole-archive)
zephyr/arch/arch/arm/core/cortex_m/libarch__arm__core__cortex_m.a(exc_exit.c.obj)
                              (--whole-archive)
zephyr/arch/arch/arm/core/cortex_m/libarch__arm__core__cortex_m.a(fault.c.obj)
                              (--whole-archive)
zephyr/arch/arch/arm/core/cortex_m/libarch__arm__core__cortex_m.a(fault_s.S.obj)
                              (--whole-archive)
zephyr/arch/arch/arm/core/cortex_m/libarch__arm__core__cortex_m.a(fpu.c.obj)
                              (--whole-archive)
zephyr/arch/arch/arm/core/cortex_m/libarch__arm__core__cortex_m.a(reset.S.obj)
                              (--whole-archive)
zephyr/arch/arch/arm/core/cortex_m/libarch__arm__core__cortex_m.a(scb.c.obj)
                              (--whole-archive)
zephyr/arch/arch/arm/core/cortex_m/libarch__arm__core__cortex_m.a(thread_abort.c.obj)
                              (--whole-archive)
zephyr/arch/arch/arm/core/cortex_m/libarch__arm__core__cortex_m.a(vector_table.S.obj)
                              (--whole-archive)
zephyr/arch/arch/arm/core/cortex_m/libarch__arm__core__cortex_m.a(swap.c.obj)
                              (--whole-archive)
zephyr/arch/arch/arm/core/cortex_m/libarch__arm__core__cortex_m.a(swap_helper.S.obj)
                              (--whole-archive)
zephyr/arch/arch/arm/core/cortex_m/libarch__arm__core__cortex_m.a(irq_manage.c.obj)
                              (--whole-archive)
zephyr/arch/arch/arm/core/cortex_m/libarch__arm__core__cortex_m.a(prep_c.c.obj)
                              (--whole-archive)
zephyr/arch/arch/arm/core/cortex_m/libarch__arm__core__cortex_m.a(thread.c.obj)
                              (--whole-archive)
[...]
Memory Configuration

Name             Origin             Length             Attributes
FLASH            0x0000000000000000 0x0000000000100000 xr
RAM              0x0000000020000000 0x0000000000040000 xw
IDT_LIST         0x00000000ffff7fff 0x0000000000008000 xw
*default*        0x0000000000000000 0xffffffffffffffff

Linker script and memory map

                0x00000000000089a4                vfprintf = __d_vfprintf
                0x0000000000000000                vfscanf = __d_vfscanf
LOAD zephyr/CMakeFiles/zephyr_pre0.dir/misc/empty_file.c.obj
LOAD zephyr/CMakeFiles/offsets.dir/./arch/arm/core/offsets/offsets.c.obj
LOAD app/libapp.a
LOAD zephyr/libzephyr.a
LOAD zephyr/arch/common/libarch__common.a
LOAD zephyr/arch/arch/arm/core/libarch__arm__core.a
LOAD zephyr/arch/arch/arm/core/cortex_m/libarch__arm__core__cortex_m.a
LOAD zephyr/arch/arch/arm/core/mpu/libarch__arm__core__mpu.a
LOAD zephyr/lib/libc/picolibc/liblib__libc__picolibc.a
LOAD zephyr/lib/libc/common/liblib__libc__common.a
LOAD zephyr/soc/soc/nrf52840/libsoc__nordic.a
LOAD zephyr/subsys/rtio/libsubsys__rtio.a
LOAD zephyr/drivers/clock_control/libdrivers__clock_control.a
LOAD zephyr/drivers/console/libdrivers__console.a
LOAD zephyr/drivers/gpio/libdrivers__gpio.a
LOAD zephyr/drivers/pinctrl/libdrivers__pinctrl.a
LOAD zephyr/drivers/sensor/nordic/temp/libdrivers__sensor__nordic__temp.a
LOAD zephyr/drivers/sensor/tdk/icm42688/libdrivers__sensor__tdk__icm42688.a
LOAD zephyr/drivers/sensor/libdrivers__sensor.a
LOAD zephyr/drivers/serial/libdrivers__serial.a
LOAD zephyr/drivers/spi/libdrivers__spi.a
LOAD zephyr/drivers/timer/libdrivers__timer.a
LOAD modules/nrf/drivers/hw_cc3xx/lib..__nrf__drivers__hw_cc3xx.a
LOAD modules/hal_nordic/nrfx/libmodules__hal_nordic__nrfx.a
LOAD modules/segger/libmodules__segger.a
LOAD zephyr/kernel/libkernel.a
LOAD zephyr/arch/common/libisr_tables.a
LOAD C:/ncs/v2.9.0/nrfxlib/crypto/nrf_cc310_platform/lib/cortex-m4/soft-float/no-interrupts/libnrf_cc310_platform_0.9.19.a
LOAD c:\ncs\toolchains\b620d30767\opt\zephyr-sdk\arm-zephyr-eabi\bin\../lib/gcc/../../picolibc/arm-zephyr-eabi/lib/thumb/v7e-m/nofp\libc.a
LOAD c:/ncs/toolchains/b620d30767/opt/zephyr-sdk/arm-zephyr-eabi/bin/../lib/gcc/arm-zephyr-eabi/12.2.0/thumb/v7e-m/nofp\libgcc.a
                0x0000000000000020                _region_min_align = 0x20

.rel.plt        0x0000000000000000        0x0
 *(SORT_BY_ALIGNMENT(.rel.plt))
                [!provide]                        PROVIDE (__rel_iplt_start = .)
 *(SORT_BY_ALIGNMENT(.rel.iplt))
 .rel.iplt      0x0000000000000000        0x0 app/libapp.a(main.c.obj)
                [!provide]                        PROVIDE (__rel_iplt_end = .)

.rela.plt       0x0000000000000000        0x0
 *(SORT_BY_ALIGNMENT(.rela.plt))
                [!provide]                        PROVIDE (__rela_iplt_start = .)
 *(SORT_BY_ALIGNMENT(.rela.iplt))
                [!provide]                        PROVIDE (__rela_iplt_end = .)

.rel.dyn
 *(SORT_BY_ALIGNMENT(.rel.*))

.rela.dyn
 *(SORT_BY_ALIGNMENT(.rela.*))

/DISCARD/
 *(SORT_BY_ALIGNMENT(.plt))

/DISCARD/
 *(SORT_BY_ALIGNMENT(.iplt))
                0x0000000000000000                __rom_region_start = 0x0

rom_start       0x0000000000000000      0x100
                0x0000000000000000                __rom_start_address = .
 FILL mask 0x00
                0x0000000000000000                . = (. + (0x0 - (. - __rom_start_address)))
                0x0000000000000000                . = ALIGN (0x4)
                0x0000000000000000                . = ALIGN (0x80)
                0x0000000000000000                . = ALIGN (0x100)
                0x0000000000000000                _vector_start = .
 *(SORT_BY_ALIGNMENT(.exc_vector_table))
 *(SORT_BY_ALIGNMENT(.exc_vector_table.*))
 .exc_vector_table._vector_table_section
                0x0000000000000000       0x40 zephyr/arch/arch/arm/core/cortex_m/libarch__arm__core__cortex_m.a(vector_table.S.obj)
                0x0000000000000000                _vector_table
 *(SORT_BY_ALIGNMENT(.vectors))
                0x0000000000000100                _vector_end = .
                0x0000000000000040                . = ALIGN (0x4)
 *(SORT_BY_ALIGNMENT(.gnu.linkonce.irq_vector_table*))
 .gnu.linkonce.irq_vector_table
                0x0000000000000040       0xc0 zephyr/arch/common/libisr_tables.a(isr_tables.c.obj)
                0x0000000000000040                _irq_vector_table
                0x0000000000000100                _vector_end = .

text            0x0000000000000100     0xc1b4
                0x0000000000000100                __text_region_start = .
 *(SORT_BY_ALIGNMENT(.text))
 .text          0x0000000000000100       0xa0 c:/ncs/toolchains/b620d30767/opt/zephyr-sdk/arm-zephyr-eabi/bin/../lib/gcc/arm-zephyr-eabi/12.2.0/thumb/v7e-m/nofp\libgcc.a(_aeabi_ldivmod.o)
                0x0000000000000100                __aeabi_ldivmod
 .text          0x00000000000001a0       0x30 c:/ncs/toolchains/b620d30767/opt/zephyr-sdk/arm-zephyr-eabi/bin/../lib/gcc/arm-zephyr-eabi/12.2.0/thumb/v7e-m/nofp\libgcc.a(_aeabi_uldivmod.o)
                0x00000000000001a0                __aeabi_uldivmod
 .text          0x00000000000001d0        0x4 c:/ncs/toolchains/b620d30767/opt/zephyr-sdk/arm-zephyr-eabi/bin/../lib/gcc/arm-zephyr-eabi/12.2.0/thumb/v7e-m/nofp\libgcc.a(_dvmd_tls.o)
                0x00000000000001d0                __aeabi_idiv0
                0x00000000000001d0                __aeabi_ldiv0
 .text          0x00000000000001d4       0x10 c:\ncs\toolchains\b620d30767\opt\zephyr-sdk\arm-zephyr-eabi\bin\../lib/gcc/../../picolibc/arm-zephyr-eabi/lib/thumb/v7e-m/nofp\libc.a(strlen.S.o)
                0x00000000000001d4                strlen
 .text          0x00000000000001e4      0x2a0 c:/ncs/toolchains/b620d30767/opt/zephyr-sdk/arm-zephyr-eabi/bin/../lib/gcc/arm-zephyr-eabi/12.2.0/thumb/v7e-m/nofp\libgcc.a(_udivmoddi4.o)
                0x00000000000001e4                __udivmoddi4
 *(SORT_BY_ALIGNMENT(.text.*))
 *fill*         0x0000000000000484        0x4 
 .text.icm42688_attr_set
                0x0000000000000488      0x28c zephyr/drivers/sensor/tdk/icm42688/libdrivers__sensor__tdk__icm42688.a(icm42688.c.obj)
 .text.icm42688_read
                0x0000000000000714       0x58 app/libapp.a(main.c.obj)
 .text.icm42688_write
                0x000000000000076c       0x38 app/libapp.a(main.c.obj)
 .text.main     0x00000000000007a4      0x104 app/libapp.a(main.c.obj)
                0x00000000000007a4                main
 .text.cbvprintf_package
                0x00000000000008a8      0x3a4 zephyr/libzephyr.a(cbprintf_packaged.c.obj)
                0x00000000000008a8                cbvprintf_package
 .text.cbprintf_package_convert
                0x0000000000000c4c      0x3c0 zephyr/libzephyr.a(cbprintf_packaged.c.obj)
                0x0000000000000c4c                cbprintf_package_convert
 .text.__printk_hook_install
                0x000000000000100c        0xc zephyr/libzephyr.a(printk.c.obj)
                0x000000000000100c                __printk_hook_install
 .text.z_thread_entry
                0x0000000000001018       0x34 zephyr/libzephyr.a(thread_entry.c.obj)
                0x0000000000001018                z_thread_entry
 .text.p4wq_loop
                0x000000000000104c       0xc4 zephyr/libzephyr.a(p4wq.c.obj)
 .text.k_p4wq_init
                0x0000000000001110       0x24 zephyr/libzephyr.a(p4wq.c.obj)
                0x0000000000001110                k_p4wq_init
 .text.k_p4wq_add_thread
                0x0000000000001134       0x34 zephyr/libzephyr.a(p4wq.c.obj)
                0x0000000000001134                k_p4wq_add_thread
 .text.static_init
                0x0000000000001168       0x8c zephyr/libzephyr.a(p4wq.c.obj)
 .text.k_p4wq_submit
                0x00000000000011f4       0xec zephyr/libzephyr.a(p4wq.c.obj)
                0x00000000000011f4                k_p4wq_submit
 .text.process_event
                0x00000000000012e0      0x21c zephyr/libzephyr.a(onoff.c.obj)
 .text.activate_foreach_backend
                0x00000000000014fc       0x64 zephyr/libzephyr.a(log_core.c.obj)
 .text.enable_logger
                0x0000000000001560       0x5c zephyr/libzephyr.a(log_core.c.obj)
 .text.log_process_thread_timer_expiry_fn
                0x00000000000015bc        0xc zephyr/libzephyr.a(log_core.c.obj)
 .text.z_log_init
                0x00000000000015c8       0x90 zephyr/libzephyr.a(log_core.c.obj)
 .text.log_format_func_t_get
                0x0000000000001658        0xc zephyr/libzephyr.a(log_core.c.obj)
                0x0000000000001658                log_format_func_t_get
 .text.log_set_timestamp_func
                0x0000000000001664       0x20 zephyr/libzephyr.a(log_core.c.obj)
                0x0000000000001664                log_set_timestamp_func
 .text.z_log_notify_backend_enabled
                0x0000000000001684       0x1c zephyr/libzephyr.a(log_core.c.obj)
                0x0000000000001684                z_log_notify_backend_enabled
 .text.z_log_dropped
                0x00000000000016a0       0x44 zephyr/libzephyr.a(log_core.c.obj)
                0x00000000000016a0                z_log_dropped
 .text.z_log_dropped_read_and_clear
                0x00000000000016e4       0x20 zephyr/libzephyr.a(log_core.c.obj)
                0x00000000000016e4                z_log_dropped_read_and_clear
 .text.dropped_notify
                0x0000000000001704       0x30 zephyr/libzephyr.a(log_core.c.obj)
                0x0000000000001704                dropped_notify
 .text.z_log_msg_init
                0x0000000000001734       0x20 zephyr/libzephyr.a(log_core.c.obj)
                0x0000000000001734                z_log_msg_init
 .text.log_core_init
                0x0000000000001754       0x34 zephyr/libzephyr.a(log_core.c.obj)
                0x0000000000001754                log_core_init
 .text.z_log_msg_alloc
                0x0000000000001788       0x10 zephyr/libzephyr.a(log_core.c.obj)
                0x0000000000001788                z_log_msg_alloc
 .text.z_log_msg_local_claim
                0x0000000000001798        0xc zephyr/libzephyr.a(log_core.c.obj)
                0x0000000000001798                z_log_msg_local_claim
 .text.z_log_msg_free
                0x00000000000017a4       0x10 zephyr/libzephyr.a(log_core.c.obj)
                0x00000000000017a4                z_log_msg_free
 .text.z_log_msg_pending
                0x00000000000017b4        0xc zephyr/libzephyr.a(log_core.c.obj)
                0x00000000000017b4                z_log_msg_pending
 .text.z_impl_log_process
                0x00000000000017c0       0xbc zephyr/libzephyr.a(log_core.c.obj)
                0x00000000000017c0                z_impl_log_process
 .text.z_impl_log_panic
                0x000000000000187c       0x44 zephyr/libzephyr.a(log_core.c.obj)
                0x000000000000187c                z_impl_log_panic
 .text.log_process_thread_func
                0x00000000000018c0       0xa4 zephyr/libzephyr.a(log_core.c.obj)
 .text.z_log_msg_post_finalize
                0x0000000000001964       0x78 zephyr/libzephyr.a(log_core.c.obj)
 .text.z_log_msg_commit
                0x00000000000019dc       0x24 zephyr/libzephyr.a(log_core.c.obj)
                0x00000000000019dc                z_log_msg_commit
 .text.log_source_name_get
                0x0000000000001a00       0x1c zephyr/libzephyr.a(log_mgmt.c.obj)
                0x0000000000001a00                log_source_name_get
 .text.log_backend_enable
                0x0000000000001a1c       0x28 zephyr/libzephyr.a(log_mgmt.c.obj)
                0x0000000000001a1c                log_backend_enable
 .text.z_impl_z_log_msg_static_create
                0x0000000000001a44      0x108 zephyr/libzephyr.a(log_msg.c.obj)
                0x0000000000001a44                z_impl_z_log_msg_static_create
 .text.z_log_msg_runtime_vcreate
                0x0000000000001b4c       0xa0 zephyr/libzephyr.a(log_msg.c.obj)
                0x0000000000001b4c                z_log_msg_runtime_vcreate
 .text.log_msg_get_source_id
                0x0000000000001bec       0x18 zephyr/libzephyr.a(log_msg.c.obj)
                0x0000000000001bec                log_msg_get_source_id
 .text.print_formatted
                0x0000000000001c04       0x24 zephyr/libzephyr.a(log_output.c.obj)
 .text.newline_print
                0x0000000000001c28       0x1c zephyr/libzephyr.a(log_output.c.obj)
 .text.log_output_process
                0x0000000000001c44      0x2d4 zephyr/libzephyr.a(log_output.c.obj)
                0x0000000000001c44                log_output_process
 .text.log_output_dropped_process
                0x0000000000001f18       0x58 zephyr/libzephyr.a(log_output.c.obj)
                0x0000000000001f18                log_output_dropped_process
 .text.log_output_timestamp_freq_set
                0x0000000000001f70       0x2c zephyr/libzephyr.a(log_output.c.obj)
                0x0000000000001f70                log_output_timestamp_freq_set
 .text.log_backend_rtt_init
                0x0000000000001f9c        0xc zephyr/libzephyr.a(log_backend_rtt.c.obj)
 .text.format_set
                0x0000000000001fa8        0xc zephyr/libzephyr.a(log_backend_rtt.c.obj)
 .text.dropped  0x0000000000001fb4        0xc zephyr/libzephyr.a(log_backend_rtt.c.obj)
 .text.process  0x0000000000001fc0       0x24 zephyr/libzephyr.a(log_backend_rtt.c.obj)
 .text.panic    0x0000000000001fe4       0x34 zephyr/libzephyr.a(log_backend_rtt.c.obj)
 .text.on_failed_write
                0x0000000000002018       0x28 zephyr/libzephyr.a(log_backend_rtt.c.obj)
 .text.data_out_block_mode
                0x0000000000002040       0x84 zephyr/libzephyr.a(log_backend_rtt.c.obj)
 .text.char_out
                0x00000000000020c4       0x24 zephyr/libzephyr.a(log_backend_uart.c.obj)
 .text.mem_attr_get_regions
                0x00000000000020e8        0xc zephyr/libzephyr.a(mem_attr.c.obj)
                0x00000000000020e8                mem_attr_get_regions
 .text.boot_banner
                0x00000000000020f4       0x1c zephyr/libzephyr.a(banner.c.obj)
                0x00000000000020f4                boot_banner
 .text.nrf_cc3xx_platform_abort_init
                0x0000000000002110        0xc zephyr/libzephyr.a(nrf_cc3xx_platform_abort_zephyr.c.obj)
                0x0000000000002110                nrf_cc3xx_platform_abort_init
 .text.mutex_free_platform
                0x000000000000211c       0x54 zephyr/libzephyr.a(nrf_cc3xx_platform_mutex_zephyr.c.obj)
 .text.mutex_lock_platform
                0x0000000000002170       0x60 zephyr/libzephyr.a(nrf_cc3xx_platform_mutex_zephyr.c.obj)
 .text.mutex_unlock_platform
                0x00000000000021d0       0x58 zephyr/libzephyr.a(nrf_cc3xx_platform_mutex_zephyr.c.obj)
 .text.mutex_init_platform
                0x0000000000002228       0x94 zephyr/libzephyr.a(nrf_cc3xx_platform_mutex_zephyr.c.obj)
 .text.nrf_cc3xx_platform_mutex_init
                0x00000000000022bc       0x2c zephyr/libzephyr.a(nrf_cc3xx_platform_mutex_zephyr.c.obj)
                0x00000000000022bc                nrf_cc3xx_platform_mutex_init
 .text.z_arm_fatal_error
                0x00000000000022e8       0xb8 zephyr/arch/arch/arm/core/libarch__arm__core.a(fatal.c.obj)
                0x00000000000022e8                z_arm_fatal_error
 .text.z_SysNmiOnReset
                0x00000000000023a0        0x8 zephyr/arch/arch/arm/core/libarch__arm__core.a(nmi_on_reset.S.obj)
                0x00000000000023a0                z_SysNmiOnReset
 .text.arch_tls_stack_setup
                0x00000000000023a8       0x40 zephyr/arch/arch/arm/core/libarch__arm__core.a(tls.c.obj)
                0x00000000000023a8                arch_tls_stack_setup
 .text._HandlerModeExit
                0x00000000000023e8       0x28 zephyr/arch/arch/arm/core/cortex_m/libarch__arm__core__cortex_m.a(exc_exit.c.obj)
                0x00000000000023e8                z_arm_int_exit
                0x00000000000023e8                z_arm_exc_exit
 .text.bus_fault.constprop.0
                0x0000000000002410       0xd0 zephyr/arch/arch/arm/core/cortex_m/libarch__arm__core__cortex_m.a(fault.c.obj)
 .text.usage_fault.constprop.0
                0x00000000000024e0       0xa8 zephyr/arch/arch/arm/core/cortex_m/libarch__arm__core__cortex_m.a(fault.c.obj)
 .text.mem_manage_fault
                0x0000000000002588      0x104 zephyr/arch/arch/arm/core/cortex_m/libarch__arm__core__cortex_m.a(fault.c.obj)
 .text.z_arm_fault
                0x000000000000268c      0x1d4 zephyr/arch/arch/arm/core/cortex_m/libarch__arm__core__cortex_m.a(fault.c.obj)
                0x000000000000268c                z_arm_fault
 .text.z_arm_fault_init
                0x0000000000002860       0x18 zephyr/arch/arch/arm/core/cortex_m/libarch__arm__core__cortex_m.a(fault.c.obj)
                0x0000000000002860                z_arm_fault_init
 .text.__fault  0x0000000000002878       0x14 zephyr/arch/arch/arm/core/cortex_m/libarch__arm__core__cortex_m.a(fault_s.S.obj)
                0x0000000000002878                z_arm_usage_fault
                0x0000000000002878                z_arm_mpu_fault
                0x0000000000002878                z_arm_exc_spurious
                0x0000000000002878                z_arm_debug_monitor
                0x0000000000002878                z_arm_hard_fault
                0x0000000000002878                z_arm_bus_fault
 .text._reset_section
                0x000000000000288c       0x54 zephyr/arch/arch/arm/core/cortex_m/libarch__arm__core__cortex_m.a(reset.S.obj)
                0x000000000000288c                __start
                0x000000000000288c                z_arm_reset
 .text.z_arm_clear_arm_mpu_config
                0x00000000000028e0       0x24 zephyr/arch/arch/arm/core/cortex_m/libarch__arm__core__cortex_m.a(scb.c.obj)
                0x00000000000028e0                z_arm_clear_arm_mpu_config
 .text.z_arm_init_arch_hw_at_boot
                0x0000000000002904       0x64 zephyr/arch/arch/arm/core/cortex_m/libarch__arm__core__cortex_m.a(scb.c.obj)
                0x0000000000002904                z_arm_init_arch_hw_at_boot
 .text.z_impl_k_thread_abort
                0x0000000000002968       0x2c zephyr/arch/arch/arm/core/cortex_m/libarch__arm__core__cortex_m.a(thread_abort.c.obj)
                0x0000000000002968                z_impl_k_thread_abort
 .text.arch_swap
                0x0000000000002994       0x34 zephyr/arch/arch/arm/core/cortex_m/libarch__arm__core__cortex_m.a(swap.c.obj)
                0x0000000000002994                arch_swap
 .text.z_arm_pendsv_c
                0x00000000000029c8       0x48 zephyr/arch/arch/arm/core/cortex_m/libarch__arm__core__cortex_m.a(swap.c.obj)
                0x00000000000029c8                z_arm_pendsv_c
 .text.z_arm_pendsv
                0x0000000000002a10       0x34 zephyr/arch/arch/arm/core/cortex_m/libarch__arm__core__cortex_m.a(swap_helper.S.obj)
                0x0000000000002a10                z_arm_pendsv
 .text.z_arm_svc
                0x0000000000002a44       0x20 zephyr/arch/arch/arm/core/cortex_m/libarch__arm__core__cortex_m.a(swap_helper.S.obj)
                0x0000000000002a44                z_arm_svc
 .text.arch_irq_enable
                0x0000000000002a64       0x1c zephyr/arch/arch/arm/core/cortex_m/libarch__arm__core__cortex_m.a(irq_manage.c.obj)
                0x0000000000002a64                arch_irq_enable
 .text.arch_irq_disable
                0x0000000000002a80       0x28 zephyr/arch/arch/arm/core/cortex_m/libarch__arm__core__cortex_m.a(irq_manage.c.obj)
                0x0000000000002a80                arch_irq_disable
 .text.arch_irq_is_enabled
                0x0000000000002aa8       0x1c zephyr/arch/arch/arm/core/cortex_m/libarch__arm__core__cortex_m.a(irq_manage.c.obj)
                0x0000000000002aa8                arch_irq_is_enabled
 .text.z_arm_irq_priority_set
                0x0000000000002ac4       0x30 zephyr/arch/arch/arm/core/cortex_m/libarch__arm__core__cortex_m.a(irq_manage.c.obj)
                0x0000000000002ac4                z_arm_irq_priority_set
 .text.z_prep_c
                0x0000000000002af4       0x38 zephyr/arch/arch/arm/core/cortex_m/libarch__arm__core__cortex_m.a(prep_c.c.obj)
                0x0000000000002af4                z_prep_c
 .text.arch_new_thread
                0x0000000000002b2c       0x38 zephyr/arch/arch/arm/core/cortex_m/libarch__arm__core__cortex_m.a(thread.c.obj)
                0x0000000000002b2c                arch_new_thread
 .text.z_check_thread_stack_fail
                0x0000000000002b64       0x2c zephyr/arch/arch/arm/core/cortex_m/libarch__arm__core__cortex_m.a(thread.c.obj)
                0x0000000000002b64                z_check_thread_stack_fail
 .text.arch_switch_to_main_thread
                0x0000000000002b90       0x44 zephyr/arch/arch/arm/core/cortex_m/libarch__arm__core__cortex_m.a(thread.c.obj)
                0x0000000000002b90                arch_switch_to_main_thread
 .text.z_arm_cpu_idle_init
                0x0000000000002bd4        0xc zephyr/arch/arch/arm/core/cortex_m/libarch__arm__core__cortex_m.a(cpu_idle.c.obj)
                0x0000000000002bd4                z_arm_cpu_idle_init
 .text.z_arm_interrupt_init
                0x0000000000002be0       0x18 zephyr/arch/arch/arm/core/cortex_m/libarch__arm__core__cortex_m.a(irq_init.c.obj)
                0x0000000000002be0                z_arm_interrupt_init
 .text._isr_wrapper
                0x0000000000002bf8       0x24 zephyr/arch/arch/arm/core/cortex_m/libarch__arm__core__cortex_m.a(isr_wrapper.c.obj)
                0x0000000000002bf8                _isr_wrapper
 .text.z_arm_configure_static_mpu_regions
                0x0000000000002c1c       0x18 zephyr/arch/arch/arm/core/mpu/libarch__arm__core__mpu.a(arm_core_mpu.c.obj)
                0x0000000000002c1c                z_arm_configure_static_mpu_regions
 .text.z_arm_configure_dynamic_mpu_regions
                0x0000000000002c34       0x20 zephyr/arch/arch/arm/core/mpu/libarch__arm__core__mpu.a(arm_core_mpu.c.obj)
                0x0000000000002c34                z_arm_configure_dynamic_mpu_regions
 .text.region_allocate_and_init
                0x0000000000002c54       0x54 zephyr/arch/arch/arm/core/mpu/libarch__arm__core__mpu.a(arm_mpu.c.obj)
 .text.mpu_configure_regions
                0x0000000000002ca8       0x68 zephyr/arch/arch/arm/core/mpu/libarch__arm__core__mpu.a(arm_mpu.c.obj)
 .text.arm_core_mpu_enable
                0x0000000000002d10       0x18 zephyr/arch/arch/arm/core/mpu/libarch__arm__core__mpu.a(arm_mpu.c.obj)
                0x0000000000002d10                arm_core_mpu_enable
 .text.arm_core_mpu_disable
                0x0000000000002d28       0x14 zephyr/arch/arch/arm/core/mpu/libarch__arm__core__mpu.a(arm_mpu.c.obj)
                0x0000000000002d28                arm_core_mpu_disable
 .text.arm_core_mpu_configure_static_mpu_regions
                0x0000000000002d3c       0x14 zephyr/arch/arch/arm/core/mpu/libarch__arm__core__mpu.a(arm_mpu.c.obj)
                0x0000000000002d3c                arm_core_mpu_configure_static_mpu_regions
 .text.arm_core_mpu_configure_dynamic_mpu_regions
                0x0000000000002d50       0x38 zephyr/arch/arch/arm/core/mpu/libarch__arm__core__mpu.a(arm_mpu.c.obj)
                0x0000000000002d50                arm_core_mpu_configure_dynamic_mpu_regions
 .text.z_arm_mpu_init
                0x0000000000002d88      0x17c zephyr/arch/arch/arm/core/mpu/libarch__arm__core__mpu.a(arm_mpu.c.obj)
                0x0000000000002d88                z_arm_mpu_init
 .text.z_impl_zephyr_fputc
                0x0000000000002f04       0x10 zephyr/lib/libc/picolibc/liblib__libc__picolibc.a(libc-hooks.c.obj)
                0x0000000000002f04                z_impl_zephyr_fputc
 .text.__stdout_hook_install
                0x0000000000002f14       0x18 zephyr/lib/libc/picolibc/liblib__libc__picolibc.a(libc-hooks.c.obj)
                0x0000000000002f14                __stdout_hook_install
 .text.cbvprintf
                0x0000000000002f2c       0x38 zephyr/lib/libc/picolibc/liblib__libc__picolibc.a(libc-hooks.c.obj)
                0x0000000000002f2c                cbvprintf
 .text.malloc_prepare
                0x0000000000002f64       0x24 zephyr/lib/libc/common/liblib__libc__common.a(malloc.c.obj)
 .text.nordicsemi_nrf52_init
                0x0000000000002f88       0x10 zephyr/soc/soc/nrf52840/libsoc__nordic.a(soc.c.obj)
 .text.arch_busy_wait
                0x0000000000002f98       0x14 zephyr/soc/soc/nrf52840/libsoc__nordic.a(soc.c.obj)
                0x0000000000002f98                arch_busy_wait
 .text.rtio_executor_done
                0x0000000000002fac      0x1f4 zephyr/subsys/rtio/libsubsys__rtio.a(rtio_executor.c.obj)
 .text.rtio_init
                0x00000000000031a0       0xa0 zephyr/subsys/rtio/libsubsys__rtio.a(rtio_init.c.obj)
                0x00000000000031a0                rtio_init
 .text.rtio_work_handler
                0x0000000000003240       0x1c zephyr/subsys/rtio/libsubsys__rtio.a(rtio_workq.c.obj)
 .text.rtio_work_req_alloc
                0x000000000000325c       0x30 zephyr/subsys/rtio/libsubsys__rtio.a(rtio_workq.c.obj)
                0x000000000000325c                rtio_work_req_alloc
 .text.rtio_work_req_submit
                0x000000000000328c       0x44 zephyr/subsys/rtio/libsubsys__rtio.a(rtio_workq.c.obj)
                0x000000000000328c                rtio_work_req_submit
 .text.onoff_stop
                0x00000000000032d0       0x30 zephyr/drivers/clock_control/libdrivers__clock_control.a(clock_control_nrf.c.obj)
 .text.onoff_start
                0x0000000000003300       0x44 zephyr/drivers/clock_control/libdrivers__clock_control.a(clock_control_nrf.c.obj)
 .text.clk_init
                0x0000000000003344       0x60 zephyr/drivers/clock_control/libdrivers__clock_control.a(clock_control_nrf.c.obj)
 .text.api_blocking_start
                0x00000000000033a4       0x34 zephyr/drivers/clock_control/libdrivers__clock_control.a(clock_control_nrf.c.obj)
 .text.generic_hfclk_stop
                0x00000000000033d8       0x34 zephyr/drivers/clock_control/libdrivers__clock_control.a(clock_control_nrf.c.obj)
 .text.clkstarted_handle.constprop.0
                0x000000000000340c       0x4c zephyr/drivers/clock_control/libdrivers__clock_control.a(clock_control_nrf.c.obj)
 .text.clock_event_handler
                0x0000000000003458       0x34 zephyr/drivers/clock_control/libdrivers__clock_control.a(clock_control_nrf.c.obj)
 .text.generic_hfclk_start
                0x000000000000348c       0x78 zephyr/drivers/clock_control/libdrivers__clock_control.a(clock_control_nrf.c.obj)
 .text.z_nrf_clock_control_get_onoff
                0x0000000000003504       0x10 zephyr/drivers/clock_control/libdrivers__clock_control.a(clock_control_nrf.c.obj)
                0x0000000000003504                z_nrf_clock_control_get_onoff
 .text.z_nrf_clock_control_lf_on
                0x0000000000003514       0xb4 zephyr/drivers/clock_control/libdrivers__clock_control.a(clock_control_nrf.c.obj)
                0x0000000000003514                z_nrf_clock_control_lf_on
 .text.start_cal_process
                0x00000000000035c8       0x48 zephyr/drivers/clock_control/libdrivers__clock_control.a(nrf_clock_calibration.c.obj)
 .text.start_cycle
                0x0000000000003610       0x38 zephyr/drivers/clock_control/libdrivers__clock_control.a(nrf_clock_calibration.c.obj)
 .text.measure_temperature
                0x0000000000003648       0x88 zephyr/drivers/clock_control/libdrivers__clock_control.a(nrf_clock_calibration.c.obj)
 .text.cal_hf_callback
                0x00000000000036d0       0x2c zephyr/drivers/clock_control/libdrivers__clock_control.a(nrf_clock_calibration.c.obj)
 .text.z_nrf_clock_calibration_init
                0x00000000000036fc       0x1c zephyr/drivers/clock_control/libdrivers__clock_control.a(nrf_clock_calibration.c.obj)
                0x00000000000036fc                z_nrf_clock_calibration_init
 .text.z_nrf_clock_calibration_lfclk_started
                0x0000000000003718       0x10 zephyr/drivers/clock_control/libdrivers__clock_control.a(nrf_clock_calibration.c.obj)
                0x0000000000003718                z_nrf_clock_calibration_lfclk_started
 .text.z_nrf_clock_calibration_lfclk_stopped
                0x0000000000003728        0xc zephyr/drivers/clock_control/libdrivers__clock_control.a(nrf_clock_calibration.c.obj)
                0x0000000000003728                z_nrf_clock_calibration_lfclk_stopped
 .text.z_nrf_clock_calibration_done_handler
                0x0000000000003734       0x10 zephyr/drivers/clock_control/libdrivers__clock_control.a(nrf_clock_calibration.c.obj)
                0x0000000000003734                z_nrf_clock_calibration_done_handler
 .text.uart_console_init
                0x0000000000003744       0x28 zephyr/drivers/console/libdrivers__console.a(uart_console.c.obj)
 .text.console_out
                0x000000000000376c       0x28 zephyr/drivers/console/libdrivers__console.a(uart_console.c.obj)
 .text.gpio_nrfx_pin_interrupt_configure
                0x0000000000003794      0x100 zephyr/drivers/gpio/libdrivers__gpio.a(gpio_nrfx.c.obj)
 .text.gpio_nrfx_init
                0x0000000000003894       0x48 zephyr/drivers/gpio/libdrivers__gpio.a(gpio_nrfx.c.obj)
 .text.nrfx_gpio_handler
                0x00000000000038dc       0x4c zephyr/drivers/gpio/libdrivers__gpio.a(gpio_nrfx.c.obj)
 .text.gpio_nrfx_pin_configure
                0x0000000000003928      0x18c zephyr/drivers/gpio/libdrivers__gpio.a(gpio_nrfx.c.obj)
 .text.nrf_gpio_pin_port_decode
                0x0000000000003ab4       0x20 zephyr/drivers/pinctrl/libdrivers__pinctrl.a(pinctrl_nrf.c.obj)
 .text.pinctrl_configure_pins
                0x0000000000003ad4      0x120 zephyr/drivers/pinctrl/libdrivers__pinctrl.a(pinctrl_nrf.c.obj)
                0x0000000000003ad4                pinctrl_configure_pins
 .text.hfclk_on_callback
                0x0000000000003bf4        0xc zephyr/drivers/sensor/nordic/temp/libdrivers__sensor__nordic__temp.a(temp_nrf5.c.obj)
 .text.temp_nrf5_channel_get
                0x0000000000003c00       0x2c zephyr/drivers/sensor/nordic/temp/libdrivers__sensor__nordic__temp.a(temp_nrf5.c.obj)
 .text.temp_nrf5_isr
                0x0000000000003c2c       0x18 zephyr/drivers/sensor/nordic/temp/libdrivers__sensor__nordic__temp.a(temp_nrf5.c.obj)
 .text.temp_nrf5_sample_fetch
                0x0000000000003c44       0x78 zephyr/drivers/sensor/nordic/temp/libdrivers__sensor__nordic__temp.a(temp_nrf5.c.obj)
 .text.temp_nrf5_init
                0x0000000000003cbc       0x40 zephyr/drivers/sensor/nordic/temp/libdrivers__sensor__nordic__temp.a(temp_nrf5.c.obj)
 .text.icm42688_attr_get
                0x0000000000003cfc      0x1a8 zephyr/drivers/sensor/tdk/icm42688/libdrivers__sensor__tdk__icm42688.a(icm42688.c.obj)
 .text.icm42688_convert_gyro.isra.0
                0x0000000000003ea4       0x88 zephyr/drivers/sensor/tdk/icm42688/libdrivers__sensor__tdk__icm42688.a(icm42688.c.obj)
 .text.icm42688_convert_accel.isra.0
                0x0000000000003f2c       0x88 zephyr/drivers/sensor/tdk/icm42688/libdrivers__sensor__tdk__icm42688.a(icm42688.c.obj)
 .text.icm42688_init
                0x0000000000003fb4       0x7c zephyr/drivers/sensor/tdk/icm42688/libdrivers__sensor__tdk__icm42688.a(icm42688.c.obj)
                0x0000000000003fb4                icm42688_init
 .text.icm42688_channel_parse_readings
                0x0000000000004030       0xe8 zephyr/drivers/sensor/tdk/icm42688/libdrivers__sensor__tdk__icm42688.a(icm42688.c.obj)
                0x0000000000004030                icm42688_channel_parse_readings
 .text.icm42688_reset
                0x0000000000004118       0x98 zephyr/drivers/sensor/tdk/icm42688/libdrivers__sensor__tdk__icm42688.a(icm42688_common.c.obj)
                0x0000000000004118                icm42688_reset
 .text.icm42688_configure
                0x00000000000041b0      0x41c zephyr/drivers/sensor/tdk/icm42688/libdrivers__sensor__tdk__icm42688.a(icm42688_common.c.obj)
                0x00000000000041b0                icm42688_configure
 .text.icm42688_submit_sync
                0x00000000000045cc      0x108 zephyr/drivers/sensor/tdk/icm42688/libdrivers__sensor__tdk__icm42688.a(icm42688_rtio.c.obj)
                0x00000000000045cc                icm42688_submit_sync
 .text.icm42688_submit
                0x00000000000046d4       0x18 zephyr/drivers/sensor/tdk/icm42688/libdrivers__sensor__tdk__icm42688.a(icm42688_rtio.c.obj)
                0x00000000000046d4                icm42688_submit
 .text.icm42688_read_imu_from_packet
                0x00000000000046ec       0xb8 zephyr/drivers/sensor/tdk/icm42688/libdrivers__sensor__tdk__icm42688.a(icm42688_decoder.c.obj)
 .text.icm42688_convert_raw_to_q31
                0x00000000000047a4      0x1b8 zephyr/drivers/sensor/tdk/icm42688/libdrivers__sensor__tdk__icm42688.a(icm42688_decoder.c.obj)
                0x00000000000047a4                icm42688_convert_raw_to_q31
 .text.icm42688_decoder_decode
                0x000000000000495c      0x3fc zephyr/drivers/sensor/tdk/icm42688/libdrivers__sensor__tdk__icm42688.a(icm42688_decoder.c.obj)
 .text.icm42688_encode
                0x0000000000004d58       0xb8 zephyr/drivers/sensor/tdk/icm42688/libdrivers__sensor__tdk__icm42688.a(icm42688_decoder.c.obj)
                0x0000000000004d58                icm42688_encode
 .text.icm42688_get_decoder
                0x0000000000004e10        0xc zephyr/drivers/sensor/tdk/icm42688/libdrivers__sensor__tdk__icm42688.a(icm42688_decoder.c.obj)
                0x0000000000004e10                icm42688_get_decoder
 .text.gpio_pin_interrupt_configure_dt
                0x0000000000004e1c       0x40 zephyr/drivers/sensor/tdk/icm42688/libdrivers__sensor__tdk__icm42688.a(icm42688_trigger.c.obj)
 .text.icm42688_trigger_init
                0x0000000000004e5c       0xc0 zephyr/drivers/sensor/tdk/icm42688/libdrivers__sensor__tdk__icm42688.a(icm42688_trigger.c.obj)
                0x0000000000004e5c                icm42688_trigger_init
 .text.uarte_nrfx_poll_out
                0x0000000000004f1c       0xb4 zephyr/drivers/serial/libdrivers__serial.a(uart_nrfx_uarte.c.obj)
 .text.uarte_0_init
                0x0000000000004fd0      0x11c zephyr/drivers/serial/libdrivers__serial.a(uart_nrfx_uarte.c.obj)
 .text.spi_nrfx_init
                0x00000000000050ec      0x114 zephyr/drivers/spi/libdrivers__spi.a(spi_nrfx_spim.c.obj)
 .text.transfer_next_chunk
                0x0000000000005200       0xd0 zephyr/drivers/spi/libdrivers__spi.a(spi_nrfx_spim.c.obj)
 .text.event_handler
                0x00000000000052d0       0xd4 zephyr/drivers/spi/libdrivers__spi.a(spi_nrfx_spim.c.obj)
 .text.spi_nrfx_transceive
                0x00000000000053a4      0x3e4 zephyr/drivers/spi/libdrivers__spi.a(spi_nrfx_spim.c.obj)
 .text.nrf_gpio_cfg_input
                0x0000000000005788       0x40 zephyr/drivers/spi/libdrivers__spi.a(spi_nrfx_common.c.obj)
 .text.spi_nrfx_wake_init
                0x00000000000057c8       0x60 zephyr/drivers/spi/libdrivers__spi.a(spi_nrfx_common.c.obj)
                0x00000000000057c8                spi_nrfx_wake_init
 .text.compare_int_lock
                0x0000000000005828       0x48 zephyr/drivers/timer/libdrivers__timer.a(nrf_rtc_timer.c.obj)
 .text.sys_clock_timeout_handler
                0x0000000000005870       0x48 zephyr/drivers/timer/libdrivers__timer.a(nrf_rtc_timer.c.obj)
 .text.compare_int_unlock
                0x00000000000058b8       0x5c zephyr/drivers/timer/libdrivers__timer.a(nrf_rtc_timer.c.obj)
 .text.z_nrf_rtc_timer_read
                0x0000000000005914       0x44 zephyr/drivers/timer/libdrivers__timer.a(nrf_rtc_timer.c.obj)
                0x0000000000005914                z_nrf_rtc_timer_read
 .text.compare_set
                0x0000000000005958      0x130 zephyr/drivers/timer/libdrivers__timer.a(nrf_rtc_timer.c.obj)
 .text.sys_clock_driver_init
                0x0000000000005a88       0x90 zephyr/drivers/timer/libdrivers__timer.a(nrf_rtc_timer.c.obj)
 .text.rtc_nrf_isr
                0x0000000000005b18       0xd4 zephyr/drivers/timer/libdrivers__timer.a(nrf_rtc_timer.c.obj)
                0x0000000000005b18                rtc_nrf_isr
 .text.sys_clock_set_timeout
                0x0000000000005bec       0x5c zephyr/drivers/timer/libdrivers__timer.a(nrf_rtc_timer.c.obj)
                0x0000000000005bec                sys_clock_set_timeout
 .text.sys_clock_elapsed
                0x0000000000005c48       0x14 zephyr/drivers/timer/libdrivers__timer.a(nrf_rtc_timer.c.obj)
                0x0000000000005c48                sys_clock_elapsed
 .text.nrf52_errata_98
                0x0000000000005c5c       0x24 modules/hal_nordic/nrfx/libmodules__hal_nordic__nrfx.a(system_nrf52840.c.obj)
 .text.SystemInit
                0x0000000000005c80      0x154 modules/hal_nordic/nrfx/libmodules__hal_nordic__nrfx.a(system_nrf52840.c.obj)
                0x0000000000005c80                SystemInit
 .text.nrfx_flag32_alloc
                0x0000000000005dd4       0x48 modules/hal_nordic/nrfx/libmodules__hal_nordic__nrfx.a(nrfx_flag32_allocator.c.obj)
                0x0000000000005dd4                nrfx_flag32_alloc
 .text.nrfx_flag32_free
                0x0000000000005e1c       0x40 modules/hal_nordic/nrfx/libmodules__hal_nordic__nrfx.a(nrfx_flag32_allocator.c.obj)
                0x0000000000005e1c                nrfx_flag32_free
 .text.nrfx_gppi_channels_enable
                0x0000000000005e5c        0xc modules/hal_nordic/nrfx/libmodules__hal_nordic__nrfx.a(nrfx_gppi_ppi.c.obj)
                0x0000000000005e5c                nrfx_gppi_channels_enable
 .text.clock_stop
                0x0000000000005e68       0xc4 modules/hal_nordic/nrfx/libmodules__hal_nordic__nrfx.a(nrfx_clock.c.obj)
 .text.nrfx_clock_init
                0x0000000000005f2c       0x24 modules/hal_nordic/nrfx/libmodules__hal_nordic__nrfx.a(nrfx_clock.c.obj)
                0x0000000000005f2c                nrfx_clock_init
 .text.nrfx_clock_enable
                0x0000000000005f50       0x24 modules/hal_nordic/nrfx/libmodules__hal_nordic__nrfx.a(nrfx_clock.c.obj)
                0x0000000000005f50                nrfx_clock_enable
 .text.nrfx_clock_start
                0x0000000000005f74       0xa4 modules/hal_nordic/nrfx/libmodules__hal_nordic__nrfx.a(nrfx_clock.c.obj)
                0x0000000000005f74                nrfx_clock_start
 .text.nrfx_clock_calibration_start
                0x0000000000006018       0x74 modules/hal_nordic/nrfx/libmodules__hal_nordic__nrfx.a(nrfx_clock.c.obj)
                0x0000000000006018                nrfx_clock_calibration_start
 .text.nrfx_power_clock_irq_handler
                0x000000000000608c       0x84 modules/hal_nordic/nrfx/libmodules__hal_nordic__nrfx.a(nrfx_clock.c.obj)
                0x000000000000608c                nrfx_power_clock_irq_handler
 .text.nrf_gpio_pin_port_decode
                0x0000000000006110       0x20 modules/hal_nordic/nrfx/libmodules__hal_nordic__nrfx.a(nrfx_gpiote.c.obj)
 .text.get_pin_idx
                0x0000000000006130       0x14 modules/hal_nordic/nrfx/libmodules__hal_nordic__nrfx.a(nrfx_gpiote.c.obj)
 .text.call_handler.constprop.0
                0x0000000000006144       0x40 modules/hal_nordic/nrfx/libmodules__hal_nordic__nrfx.a(nrfx_gpiote.c.obj)
 .text.pin_te_get.constprop.0
                0x0000000000006184       0x18 modules/hal_nordic/nrfx/libmodules__hal_nordic__nrfx.a(nrfx_gpiote.c.obj)
 .text.pin_is_output.constprop.0
                0x000000000000619c       0x18 modules/hal_nordic/nrfx/libmodules__hal_nordic__nrfx.a(nrfx_gpiote.c.obj)
 .text.pin_in_use_by_te.constprop.0
                0x00000000000061b4       0x18 modules/hal_nordic/nrfx/libmodules__hal_nordic__nrfx.a(nrfx_gpiote.c.obj)
 .text.latch_pending_read_and_check
                0x00000000000061cc       0x40 modules/hal_nordic/nrfx/libmodules__hal_nordic__nrfx.a(nrfx_gpiote.c.obj)
 .text.release_handler.isra.0
                0x000000000000620c       0x58 modules/hal_nordic/nrfx/libmodules__hal_nordic__nrfx.a(nrfx_gpiote.c.obj)
 .text.__nrfy_internal_gpiote_events_process.constprop.0
                0x0000000000006264       0x5c modules/hal_nordic/nrfx/libmodules__hal_nordic__nrfx.a(nrfx_gpiote.c.obj)
 .text.pin_uninit
                0x00000000000062c0       0x80 modules/hal_nordic/nrfx/libmodules__hal_nordic__nrfx.a(nrfx_gpiote.c.obj)
 .text.nrfx_gpiote_input_configure
                0x0000000000006340      0x174 modules/hal_nordic/nrfx/libmodules__hal_nordic__nrfx.a(nrfx_gpiote.c.obj)
                0x0000000000006340                nrfx_gpiote_input_configure
 .text.nrfx_gpiote_output_configure
                0x00000000000064b4       0xfc modules/hal_nordic/nrfx/libmodules__hal_nordic__nrfx.a(nrfx_gpiote.c.obj)
                0x00000000000064b4                nrfx_gpiote_output_configure
 .text.nrfx_gpiote_global_callback_set
                0x00000000000065b0        0xc modules/hal_nordic/nrfx/libmodules__hal_nordic__nrfx.a(nrfx_gpiote.c.obj)
                0x00000000000065b0                nrfx_gpiote_global_callback_set
 .text.nrfx_gpiote_channel_get
                0x00000000000065bc       0x34 modules/hal_nordic/nrfx/libmodules__hal_nordic__nrfx.a(nrfx_gpiote.c.obj)
                0x00000000000065bc                nrfx_gpiote_channel_get
 .text.nrfx_gpiote_init
                0x00000000000065f0       0x68 modules/hal_nordic/nrfx/libmodules__hal_nordic__nrfx.a(nrfx_gpiote.c.obj)
                0x00000000000065f0                nrfx_gpiote_init
 .text.nrfx_gpiote_init_check
                0x0000000000006658       0x14 modules/hal_nordic/nrfx/libmodules__hal_nordic__nrfx.a(nrfx_gpiote.c.obj)
                0x0000000000006658                nrfx_gpiote_init_check
 .text.nrfx_gpiote_channel_free
                0x000000000000666c        0xc modules/hal_nordic/nrfx/libmodules__hal_nordic__nrfx.a(nrfx_gpiote.c.obj)
                0x000000000000666c                nrfx_gpiote_channel_free
 .text.nrfx_gpiote_channel_alloc
                0x0000000000006678        0xc modules/hal_nordic/nrfx/libmodules__hal_nordic__nrfx.a(nrfx_gpiote.c.obj)
                0x0000000000006678                nrfx_gpiote_channel_alloc
 .text.nrfx_gpiote_trigger_enable
                0x0000000000006684       0xb0 modules/hal_nordic/nrfx/libmodules__hal_nordic__nrfx.a(nrfx_gpiote.c.obj)
                0x0000000000006684                nrfx_gpiote_trigger_enable
 .text.nrfx_gpiote_0_irq_handler
                0x0000000000006734      0x1bc modules/hal_nordic/nrfx/libmodules__hal_nordic__nrfx.a(nrfx_gpiote.c.obj)
                0x0000000000006734                nrfx_gpiote_0_irq_handler
 .text.nrfx_ppi_channel_alloc
                0x00000000000068f0        0xc modules/hal_nordic/nrfx/libmodules__hal_nordic__nrfx.a(nrfx_ppi.c.obj)
                0x00000000000068f0                nrfx_ppi_channel_alloc
 .text.nrf_gpio_pin_port_decode
                0x00000000000068fc       0x20 modules/hal_nordic/nrfx/libmodules__hal_nordic__nrfx.a(nrfx_spim.c.obj)
 .text.spim_abort
                0x000000000000691c       0x74 modules/hal_nordic/nrfx/libmodules__hal_nordic__nrfx.a(nrfx_spim.c.obj)
 .text.spim_frequency_valid_check.constprop.0
                0x0000000000006990       0x64 modules/hal_nordic/nrfx/libmodules__hal_nordic__nrfx.a(nrfx_spim.c.obj)
 .text.pin_init
                0x00000000000069f4       0x50 modules/hal_nordic/nrfx/libmodules__hal_nordic__nrfx.a(nrfx_spim.c.obj)
 .text.spim_configure
                0x0000000000006a44      0x1c8 modules/hal_nordic/nrfx/libmodules__hal_nordic__nrfx.a(nrfx_spim.c.obj)
 .text.spim_pin_uninit
                0x0000000000006c0c       0x30 modules/hal_nordic/nrfx/libmodules__hal_nordic__nrfx.a(nrfx_spim.c.obj)
 .text.nrfx_spim_init
                0x0000000000006c3c       0x68 modules/hal_nordic/nrfx/libmodules__hal_nordic__nrfx.a(nrfx_spim.c.obj)
                0x0000000000006c3c                nrfx_spim_init
 .text.nrfx_spim_uninit
                0x0000000000006ca4       0x74 modules/hal_nordic/nrfx/libmodules__hal_nordic__nrfx.a(nrfx_spim.c.obj)
                0x0000000000006ca4                nrfx_spim_uninit
 .text.nrfx_spim_xfer
                0x0000000000006d18      0x16c modules/hal_nordic/nrfx/libmodules__hal_nordic__nrfx.a(nrfx_spim.c.obj)
                0x0000000000006d18                nrfx_spim_xfer
 .text.nrfx_spim_1_irq_handler
                0x0000000000006e84       0x54 modules/hal_nordic/nrfx/libmodules__hal_nordic__nrfx.a(nrfx_spim.c.obj)
                0x0000000000006e84                nrfx_spim_1_irq_handler
 .text._DoInit  0x0000000000006ed8       0x60 modules/segger/libmodules__segger.a(SEGGER_RTT.c.obj)
 .text.SEGGER_RTT_WriteSkipNoLock
                0x0000000000006f38       0x88 modules/segger/libmodules__segger.a(SEGGER_RTT.c.obj)
                0x0000000000006f38                SEGGER_RTT_WriteSkipNoLock
 .text.SEGGER_RTT_HasDataUp
                0x0000000000006fc0       0x14 modules/segger/libmodules__segger.a(SEGGER_RTT.c.obj)
                0x0000000000006fc0                SEGGER_RTT_HasDataUp
 .text.zephyr_rtt_mutex_lock
                0x0000000000006fd4       0x14 modules/segger/libmodules__segger.a(SEGGER_RTT_zephyr.c.obj)
                0x0000000000006fd4                zephyr_rtt_mutex_lock
 .text.zephyr_rtt_mutex_unlock
                0x0000000000006fe8        0xc modules/segger/libmodules__segger.a(SEGGER_RTT_zephyr.c.obj)
                0x0000000000006fe8                zephyr_rtt_mutex_unlock
 .text.k_sys_fatal_error_handler
                0x0000000000006ff4       0x20 zephyr/kernel/libkernel.a(fatal.c.obj)
                0x0000000000006ff4                k_sys_fatal_error_handler
 .text.z_fatal_error
                0x0000000000007014       0xe8 zephyr/kernel/libkernel.a(fatal.c.obj)
                0x0000000000007014                z_fatal_error
 .text.z_sys_init_run_level
                0x00000000000070fc       0x2c zephyr/kernel/libkernel.a(init.c.obj)
 .text.bg_thread_main
                0x0000000000007128       0xc4 zephyr/kernel/libkernel.a(init.c.obj)
 .text.z_bss_zero
                0x00000000000071ec       0x18 zephyr/kernel/libkernel.a(init.c.obj)
                0x00000000000071ec                z_bss_zero
 .text.z_init_cpu
                0x0000000000007204       0x70 zephyr/kernel/libkernel.a(init.c.obj)
                0x0000000000007204                z_init_cpu
 .text.z_cstart
                0x0000000000007274       0xe0 zephyr/kernel/libkernel.a(init.c.obj)
                0x0000000000007274                z_cstart
 .text.init_mem_slab_obj_core_list
                0x0000000000007354       0x24 zephyr/kernel/libkernel.a(mem_slab.c.obj)
 .text.k_mem_slab_alloc
                0x0000000000007378       0x5c zephyr/kernel/libkernel.a(mem_slab.c.obj)
                0x0000000000007378                k_mem_slab_alloc
 .text.z_impl_k_mutex_lock
                0x00000000000073d4       0xf0 zephyr/kernel/libkernel.a(mutex.c.obj)
                0x00000000000073d4                z_impl_k_mutex_lock
 .text.z_impl_k_mutex_unlock
                0x00000000000074c4       0x78 zephyr/kernel/libkernel.a(mutex.c.obj)
                0x00000000000074c4                z_impl_k_mutex_unlock
 .text.z_impl_k_sem_give
                0x000000000000753c       0x48 zephyr/kernel/libkernel.a(sem.c.obj)
                0x000000000000753c                z_impl_k_sem_give
 .text.z_impl_k_sem_take
                0x0000000000007584       0x4c zephyr/kernel/libkernel.a(sem.c.obj)
                0x0000000000007584                z_impl_k_sem_take
 .text.z_impl_k_sem_reset
                0x00000000000075d0       0x3c zephyr/kernel/libkernel.a(sem.c.obj)
                0x00000000000075d0                z_impl_k_sem_reset
 .text.work_queue_main
                0x000000000000760c      0x144 zephyr/kernel/libkernel.a(work.c.obj)
 .text.submit_to_queue_locked
                0x0000000000007750       0xb4 zephyr/kernel/libkernel.a(work.c.obj)
 .text.k_work_submit
                0x0000000000007804        0xc zephyr/kernel/libkernel.a(work.c.obj)
                0x0000000000007804                k_work_submit
 .text.k_work_queue_start
                0x0000000000007810       0x7c zephyr/kernel/libkernel.a(work.c.obj)
                0x0000000000007810                k_work_queue_start
 .text.z_setup_new_thread
                0x000000000000788c       0x9c zephyr/kernel/libkernel.a(thread.c.obj)
                0x000000000000788c                z_setup_new_thread
 .text.z_impl_k_thread_create
                0x0000000000007928       0x58 zephyr/kernel/libkernel.a(thread.c.obj)
                0x0000000000007928                z_impl_k_thread_create
 .text.update_cache
                0x0000000000007980       0x3c zephyr/kernel/libkernel.a(sched.c.obj)
 .text.unready_thread
                0x00000000000079bc       0x30 zephyr/kernel/libkernel.a(sched.c.obj)
 .text.ready_thread
                0x00000000000079ec       0x64 zephyr/kernel/libkernel.a(sched.c.obj)
 .text.z_thread_halt
                0x0000000000007a50       0xdc zephyr/kernel/libkernel.a(sched.c.obj)
 .text.move_thread_to_end_of_prio_q
                0x0000000000007b2c       0x6c zephyr/kernel/libkernel.a(sched.c.obj)
                0x0000000000007b2c                move_thread_to_end_of_prio_q
 .text.z_pend_curr
                0x0000000000007b98       0x58 zephyr/kernel/libkernel.a(sched.c.obj)
                0x0000000000007b98                z_pend_curr
 .text.z_thread_prio_set
                0x0000000000007bf0       0x90 zephyr/kernel/libkernel.a(sched.c.obj)
                0x0000000000007bf0                z_thread_prio_set
 .text.z_reschedule
                0x0000000000007c80       0x24 zephyr/kernel/libkernel.a(sched.c.obj)
                0x0000000000007c80                z_reschedule
 .text.z_sched_start
                0x0000000000007ca4       0x3c zephyr/kernel/libkernel.a(sched.c.obj)
                0x0000000000007ca4                z_sched_start
 .text.z_reschedule_irqlock
                0x0000000000007ce0       0x28 zephyr/kernel/libkernel.a(sched.c.obj)
                0x0000000000007ce0                z_reschedule_irqlock
 .text.k_sched_lock
                0x0000000000007d08       0x28 zephyr/kernel/libkernel.a(sched.c.obj)
                0x0000000000007d08                k_sched_lock
 .text.k_sched_unlock
                0x0000000000007d30       0x40 zephyr/kernel/libkernel.a(sched.c.obj)
                0x0000000000007d30                k_sched_unlock
 .text.z_sched_init
                0x0000000000007d70       0x10 zephyr/kernel/libkernel.a(sched.c.obj)
                0x0000000000007d70                z_sched_init
 .text.z_impl_k_yield
                0x0000000000007d80       0x78 zephyr/kernel/libkernel.a(sched.c.obj)
                0x0000000000007d80                z_impl_k_yield
 .text.z_tick_sleep
                0x0000000000007df8       0x88 zephyr/kernel/libkernel.a(sched.c.obj)
 .text.z_impl_k_sleep
                0x0000000000007e80       0x3c zephyr/kernel/libkernel.a(sched.c.obj)
                0x0000000000007e80                z_impl_k_sleep
 .text.z_impl_k_sched_current_thread_query
                0x0000000000007ebc        0xc zephyr/kernel/libkernel.a(sched.c.obj)
                0x0000000000007ebc                z_impl_k_sched_current_thread_query
 .text.z_sched_wait
                0x0000000000007ec8       0x24 zephyr/kernel/libkernel.a(sched.c.obj)
                0x0000000000007ec8                z_sched_wait
 .text.slice_timeout
                0x0000000000007eec       0x20 zephyr/kernel/libkernel.a(timeslicing.c.obj)
 .text.thread_is_sliceable
                0x0000000000007f0c       0x3c zephyr/kernel/libkernel.a(timeslicing.c.obj)
                0x0000000000007f0c                thread_is_sliceable
 .text.z_reset_time_slice
                0x0000000000007f48       0x50 zephyr/kernel/libkernel.a(timeslicing.c.obj)
                0x0000000000007f48                z_reset_time_slice
 .text.z_time_slice
                0x0000000000007f98       0x60 zephyr/kernel/libkernel.a(timeslicing.c.obj)
                0x0000000000007f98                z_time_slice
 .text.z_data_copy
                0x0000000000007ff8       0x34 zephyr/kernel/libkernel.a(xip.c.obj)
                0x0000000000007ff8                z_data_copy
 .text.elapsed  0x000000000000802c       0x14 zephyr/kernel/libkernel.a(timeout.c.obj)
 .text.remove_timeout
                0x0000000000008040       0x38 zephyr/kernel/libkernel.a(timeout.c.obj)
 .text.next_timeout
                0x0000000000008078       0x40 zephyr/kernel/libkernel.a(timeout.c.obj)
 .text.z_add_timeout
                0x00000000000080b8       0xf4 zephyr/kernel/libkernel.a(timeout.c.obj)
                0x00000000000080b8                z_add_timeout
 .text.sys_clock_announce
                0x00000000000081ac       0xd0 zephyr/kernel/libkernel.a(timeout.c.obj)
                0x00000000000081ac                sys_clock_announce
 .text.sys_clock_tick_get
                0x000000000000827c       0x30 zephyr/kernel/libkernel.a(timeout.c.obj)
                0x000000000000827c                sys_clock_tick_get
 .text.z_timer_expiration_handler
                0x00000000000082ac       0xe0 zephyr/kernel/libkernel.a(timer.c.obj)
                0x00000000000082ac                z_timer_expiration_handler
 .text.z_impl_k_timer_start
                0x000000000000838c       0x74 zephyr/kernel/libkernel.a(timer.c.obj)
                0x000000000000838c                z_impl_k_timer_start
 .text.k_sys_work_q_init
                0x0000000000008400       0x34 zephyr/kernel/libkernel.a(system_work_q.c.obj)
 .text.nrf_cc3xx_platform_init_no_rng
                0x0000000000008434       0x38 C:/ncs/v2.9.0/nrfxlib/crypto/nrf_cc310_platform/lib/cortex-m4/soft-float/no-interrupts/libnrf_cc310_platform_0.9.19.a(nrf_cc3xx_platform.c.obj)
                0x0000000000008434                nrf_cc3xx_platform_init_no_rng
 .text.nrf_cc3xx_platform_abort
                0x000000000000846c       0x24 C:/ncs/v2.9.0/nrfxlib/crypto/nrf_cc310_platform/lib/cortex-m4/soft-float/no-interrupts/libnrf_cc310_platform_0.9.19.a(nrf_cc3xx_platform_abort.c.obj)
 .text.CC_PalAbort
                0x0000000000008490       0x34 C:/ncs/v2.9.0/nrfxlib/crypto/nrf_cc310_platform/lib/cortex-m4/soft-float/no-interrupts/libnrf_cc310_platform_0.9.19.a(nrf_cc3xx_platform_abort.c.obj)
                0x0000000000008490                CC_PalAbort
 .text.nrf_cc3xx_platform_set_abort
                0x00000000000084c4       0x10 C:/ncs/v2.9.0/nrfxlib/crypto/nrf_cc310_platform/lib/cortex-m4/soft-float/no-interrupts/libnrf_cc310_platform_0.9.19.a(nrf_cc3xx_platform_abort.c.obj)
                0x00000000000084c4                nrf_cc3xx_platform_set_abort
 .text.mutex_free
                0x00000000000084d4       0x34 C:/ncs/v2.9.0/nrfxlib/crypto/nrf_cc310_platform/lib/cortex-m4/soft-float/no-interrupts/libnrf_cc310_platform_0.9.19.a(nrf_cc3xx_platform_mutex.c.obj)
 .text.mutex_lock
                0x0000000000008508       0x48 C:/ncs/v2.9.0/nrfxlib/crypto/nrf_cc310_platform/lib/cortex-m4/soft-float/no-interrupts/libnrf_cc310_platform_0.9.19.a(nrf_cc3xx_platform_mutex.c.obj)
 .text.mutex_unlock
                0x0000000000008550       0x38 C:/ncs/v2.9.0/nrfxlib/crypto/nrf_cc310_platform/lib/cortex-m4/soft-float/no-interrupts/libnrf_cc310_platform_0.9.19.a(nrf_cc3xx_platform_mutex.c.obj)
 .text.mutex_init
                0x0000000000008588       0x20 C:/ncs/v2.9.0/nrfxlib/crypto/nrf_cc310_platform/lib/cortex-m4/soft-float/no-interrupts/libnrf_cc310_platform_0.9.19.a(nrf_cc3xx_platform_mutex.c.obj)
 .text.nrf_cc3xx_platform_set_mutexes
                0x00000000000085a8       0x74 C:/ncs/v2.9.0/nrfxlib/crypto/nrf_cc310_platform/lib/cortex-m4/soft-float/no-interrupts/libnrf_cc310_platform_0.9.19.a(nrf_cc3xx_platform_mutex.c.obj)
                0x00000000000085a8                nrf_cc3xx_platform_set_mutexes
 .text.CC_LibInitNoRng
                0x000000000000861c       0x64 C:/ncs/v2.9.0/nrfxlib/crypto/nrf_cc310_platform/lib/cortex-m4/soft-float/no-interrupts/libnrf_cc310_platform_0.9.19.a(cc_lib.c.obj)
                0x000000000000861c                CC_LibInitNoRng
 .text.CC_HalInit
                0x0000000000008680        0x4 C:/ncs/v2.9.0/nrfxlib/crypto/nrf_cc310_platform/lib/cortex-m4/soft-float/no-interrupts/libnrf_cc310_platform_0.9.19.a(cc_hal.c.obj)
                0x0000000000008680                CC_HalInit
 .text.CC_HalTerminate
                0x0000000000008684        0x4 C:/ncs/v2.9.0/nrfxlib/crypto/nrf_cc310_platform/lib/cortex-m4/soft-float/no-interrupts/libnrf_cc310_platform_0.9.19.a(cc_hal.c.obj)
                0x0000000000008684                CC_HalTerminate
 .text.CC_HalMaskInterrupt
                0x0000000000008688        0xc C:/ncs/v2.9.0/nrfxlib/crypto/nrf_cc310_platform/lib/cortex-m4/soft-float/no-interrupts/libnrf_cc310_platform_0.9.19.a(cc_hal.c.obj)
                0x0000000000008688                CC_HalMaskInterrupt
 .text.CC_PalInit
                0x0000000000008694       0x5c C:/ncs/v2.9.0/nrfxlib/crypto/nrf_cc310_platform/lib/cortex-m4/soft-float/no-interrupts/libnrf_cc310_platform_0.9.19.a(cc_pal.c.obj)
                0x0000000000008694                CC_PalInit
 .text.CC_PalTerminate
                0x00000000000086f0       0x34 C:/ncs/v2.9.0/nrfxlib/crypto/nrf_cc310_platform/lib/cortex-m4/soft-float/no-interrupts/libnrf_cc310_platform_0.9.19.a(cc_pal.c.obj)
                0x00000000000086f0                CC_PalTerminate
 .text.CC_PalDmaInit
                0x0000000000008724        0x4 C:/ncs/v2.9.0/nrfxlib/crypto/nrf_cc310_platform/lib/cortex-m4/soft-float/no-interrupts/libnrf_cc310_platform_0.9.19.a(cc_pal_dma.c.obj)
                0x0000000000008724                CC_PalDmaInit
 .text.CC_PalDmaTerminate
                0x0000000000008728        0x4 C:/ncs/v2.9.0/nrfxlib/crypto/nrf_cc310_platform/lib/cortex-m4/soft-float/no-interrupts/libnrf_cc310_platform_0.9.19.a(cc_pal_dma.c.obj)
                0x0000000000008728                CC_PalDmaTerminate
 .text.CC_PalMutexCreate
                0x000000000000872c       0x14 C:/ncs/v2.9.0/nrfxlib/crypto/nrf_cc310_platform/lib/cortex-m4/soft-float/no-interrupts/libnrf_cc310_platform_0.9.19.a(cc_pal_mutex.c.obj)
                0x000000000000872c                CC_PalMutexCreate
 .text.CC_PalMutexDestroy
                0x0000000000008740       0x14 C:/ncs/v2.9.0/nrfxlib/crypto/nrf_cc310_platform/lib/cortex-m4/soft-float/no-interrupts/libnrf_cc310_platform_0.9.19.a(cc_pal_mutex.c.obj)
                0x0000000000008740                CC_PalMutexDestroy
 .text.CC_PalPowerSaveModeInit
                0x0000000000008754       0x3c C:/ncs/v2.9.0/nrfxlib/crypto/nrf_cc310_platform/lib/cortex-m4/soft-float/no-interrupts/libnrf_cc310_platform_0.9.19.a(cc_pal_pm.c.obj)
                0x0000000000008754                CC_PalPowerSaveModeInit
 .text.CC_PalPowerSaveModeSelect
                0x0000000000008790       0x84 C:/ncs/v2.9.0/nrfxlib/crypto/nrf_cc310_platform/lib/cortex-m4/soft-float/no-interrupts/libnrf_cc310_platform_0.9.19.a(cc_pal_pm.c.obj)
                0x0000000000008790                CC_PalPowerSaveModeSelect
 .text.snprintf
                0x0000000000008814       0x58 c:\ncs\toolchains\b620d30767\opt\zephyr-sdk\arm-zephyr-eabi\bin\../lib/gcc/../../picolibc/arm-zephyr-eabi/lib/thumb/v7e-m/nofp\libc.a(libc_tinystdio_snprintf.c.o)
                0x0000000000008814                snprintf
 .text.skip_to_arg
                0x000000000000886c      0x138 c:\ncs\toolchains\b620d30767\opt\zephyr-sdk\arm-zephyr-eabi\bin\../lib/gcc/../../picolibc/arm-zephyr-eabi/lib/thumb/v7e-m/nofp\libc.a(libc_tinystdio_vfprintf.c.o)
 .text.vfprintf
                0x00000000000089a4      0x9c4 c:\ncs\toolchains\b620d30767\opt\zephyr-sdk\arm-zephyr-eabi\bin\../lib/gcc/../../picolibc/arm-zephyr-eabi/lib/thumb/v7e-m/nofp\libc.a(libc_tinystdio_vfprintf.c.o)
                0x00000000000089a4                __d_vfprintf
 .text.div10    0x0000000000009368       0x28 c:\ncs\toolchains\b620d30767\opt\zephyr-sdk\arm-zephyr-eabi\bin\../lib/gcc/../../picolibc/arm-zephyr-eabi/lib/thumb/v7e-m/nofp\libc.a(libc_tinystdio_dtoa_ryu.c.o)
 .text.__dtoa_engine
                0x0000000000009390      0x49c c:\ncs\toolchains\b620d30767\opt\zephyr-sdk\arm-zephyr-eabi\bin\../lib/gcc/../../picolibc/arm-zephyr-eabi/lib/thumb/v7e-m/nofp\libc.a(libc_tinystdio_dtoa_ryu.c.o)
                0x0000000000009390                __dtoa_engine
 .text.__log10Pow2
                0x000000000000982c        0xc c:\ncs\toolchains\b620d30767\opt\zephyr-sdk\arm-zephyr-eabi\bin\../lib/gcc/../../picolibc/arm-zephyr-eabi/lib/thumb/v7e-m/nofp\libc.a(libc_tinystdio_ryu_log10.c.o)
                0x000000000000982c                __log10Pow2
 .text.__log10Pow5
                0x0000000000009838        0xc c:\ncs\toolchains\b620d30767\opt\zephyr-sdk\arm-zephyr-eabi\bin\../lib/gcc/../../picolibc/arm-zephyr-eabi/lib/thumb/v7e-m/nofp\libc.a(libc_tinystdio_ryu_log10.c.o)
                0x0000000000009838                __log10Pow5
 .text.__pow5bits
                0x0000000000009844       0x10 c:\ncs\toolchains\b620d30767\opt\zephyr-sdk\arm-zephyr-eabi\bin\../lib/gcc/../../picolibc/arm-zephyr-eabi/lib/thumb/v7e-m/nofp\libc.a(libc_tinystdio_ryu_pow5bits.c.o)
                0x0000000000009844                __pow5bits
 .text.__pow5Factor
                0x0000000000009854       0x30 c:\ncs\toolchains\b620d30767\opt\zephyr-sdk\arm-zephyr-eabi\bin\../lib/gcc/../../picolibc/arm-zephyr-eabi/lib/thumb/v7e-m/nofp\libc.a(libc_tinystdio_ryu_table.c.o)
                0x0000000000009854                __pow5Factor
 .text.__double_computePow5
                0x0000000000009884       0xe8 c:\ncs\toolchains\b620d30767\opt\zephyr-sdk\arm-zephyr-eabi\bin\../lib/gcc/../../picolibc/arm-zephyr-eabi/lib/thumb/v7e-m/nofp\libc.a(libc_tinystdio_ryu_table.c.o)
                0x0000000000009884                __double_computePow5
 .text.__double_computeInvPow5
                0x000000000000996c       0xf8 c:\ncs\toolchains\b620d30767\opt\zephyr-sdk\arm-zephyr-eabi\bin\../lib/gcc/../../picolibc/arm-zephyr-eabi/lib/thumb/v7e-m/nofp\libc.a(libc_tinystdio_ryu_table.c.o)
                0x000000000000996c                __double_computeInvPow5
 .text._OffsetAbsSyms
                0x0000000000009a64        0x2 zephyr/CMakeFiles/offsets.dir/./arch/arm/core/offsets/offsets.c.obj
                0x0000000000009a64                _OffsetAbsSyms
 .text.chunk_field
                0x0000000000009a66       0x16 zephyr/libzephyr.a(heap.c.obj)
 .text.chunk_set
                0x0000000000009a7c       0x16 zephyr/libzephyr.a(heap.c.obj)
 .text.chunk_size
                0x0000000000009a92        0xc zephyr/libzephyr.a(heap.c.obj)
 .text.set_chunk_used
                0x0000000000009a9e       0x30 zephyr/libzephyr.a(heap.c.obj)
 .text.set_chunk_size
                0x0000000000009ace        0x8 zephyr/libzephyr.a(heap.c.obj)
 .text.bucket_idx.isra.0
                0x0000000000009ad6       0x1c zephyr/libzephyr.a(heap.c.obj)
 .text.free_list_add
                0x0000000000009af2       0x84 zephyr/libzephyr.a(heap.c.obj)
 .text.sys_heap_init
                0x0000000000009b76       0xb0 zephyr/libzephyr.a(heap.c.obj)
                0x0000000000009b76                sys_heap_init
 .text.sys_mem_blocks_alloc_contiguous
                0x0000000000009c26       0x34 zephyr/libzephyr.a(mem_blocks.c.obj)
                0x0000000000009c26                sys_mem_blocks_alloc_contiguous
 .text.sys_mem_blocks_free_contiguous
                0x0000000000009c5a       0x38 zephyr/libzephyr.a(mem_blocks.c.obj)
                0x0000000000009c5a                sys_mem_blocks_free_contiguous
 .text.cbpprintf_external
                0x0000000000009c92       0x62 zephyr/libzephyr.a(cbprintf_packaged.c.obj)
                0x0000000000009c92                cbpprintf_external
 .text.is_ptr   0x0000000000009cf4       0x4a zephyr/libzephyr.a(cbprintf_packaged.c.obj)
                0x0000000000009cf4                is_ptr
 .text.arch_printk_char_out
                0x0000000000009d3e        0x4 zephyr/libzephyr.a(printk.c.obj)
                0x0000000000009d3e                arch_printk_char_out
 .text.printk   0x0000000000009d42       0x1a zephyr/libzephyr.a(printk.c.obj)
                0x0000000000009d42                printk
 .text.free_space
                0x0000000000009d5c       0x26 zephyr/libzephyr.a(mpsc_pbuf.c.obj)
 .text.get_usage
                0x0000000000009d82       0x22 zephyr/libzephyr.a(mpsc_pbuf.c.obj)
 .text.idx_inc  0x0000000000009da4       0x1c zephyr/libzephyr.a(mpsc_pbuf.c.obj)
 .text.rd_idx_inc
                0x0000000000009dc0       0x18 zephyr/libzephyr.a(mpsc_pbuf.c.obj)
 .text.add_skip_item
                0x0000000000009dd8       0x3a zephyr/libzephyr.a(mpsc_pbuf.c.obj)
 .text.drop_item_locked
                0x0000000000009e12       0xee zephyr/libzephyr.a(mpsc_pbuf.c.obj)
 .text.post_drop_action
                0x0000000000009f00       0x36 zephyr/libzephyr.a(mpsc_pbuf.c.obj)
 .text.max_utilization_update
                0x0000000000009f36       0x1a zephyr/libzephyr.a(mpsc_pbuf.c.obj)
 .text.mpsc_pbuf_init
                0x0000000000009f50       0x42 zephyr/libzephyr.a(mpsc_pbuf.c.obj)
                0x0000000000009f50                mpsc_pbuf_init
 .text.mpsc_pbuf_alloc
                0x0000000000009f92       0xf8 zephyr/libzephyr.a(mpsc_pbuf.c.obj)
                0x0000000000009f92                mpsc_pbuf_alloc
 .text.mpsc_pbuf_commit
                0x000000000000a08a       0x3e zephyr/libzephyr.a(mpsc_pbuf.c.obj)
                0x000000000000a08a                mpsc_pbuf_commit
 .text.mpsc_pbuf_claim
                0x000000000000a0c8       0xa8 zephyr/libzephyr.a(mpsc_pbuf.c.obj)
                0x000000000000a0c8                mpsc_pbuf_claim
 .text.mpsc_pbuf_free
                0x000000000000a170       0x76 zephyr/libzephyr.a(mpsc_pbuf.c.obj)
                0x000000000000a170                mpsc_pbuf_free
 .text.mpsc_pbuf_is_pending
                0x000000000000a1e6       0x32 zephyr/libzephyr.a(mpsc_pbuf.c.obj)
                0x000000000000a1e6                mpsc_pbuf_is_pending
 .text.rb_lessthan
                0x000000000000a218       0x2a zephyr/libzephyr.a(p4wq.c.obj)
 .text.find_and_stack
                0x000000000000a242       0x3a zephyr/libzephyr.a(rb.c.obj)
 .text.set_child
                0x000000000000a27c       0x12 zephyr/libzephyr.a(rb.c.obj)
 .text.rotate   0x000000000000a28e       0xa8 zephyr/libzephyr.a(rb.c.obj)
 .text.z_rb_get_minmax
                0x000000000000a336       0x1a zephyr/libzephyr.a(rb.c.obj)
                0x000000000000a336                z_rb_get_minmax
 .text.rb_insert
                0x000000000000a350      0x134 zephyr/libzephyr.a(rb.c.obj)
                0x000000000000a350                rb_insert
 .text.rb_remove
                0x000000000000a484      0x344 zephyr/libzephyr.a(rb.c.obj)
                0x000000000000a484                rb_remove
 .text.setup_bundle_data.constprop.0
                0x000000000000a7c8       0x3a zephyr/libzephyr.a(bitarray.c.obj)
 .text.set_region
                0x000000000000a802       0x90 zephyr/libzephyr.a(bitarray.c.obj)
 .text.match_region
                0x000000000000a892       0x8c zephyr/libzephyr.a(bitarray.c.obj)
 .text.sys_bitarray_alloc
                0x000000000000a91e       0xa4 zephyr/libzephyr.a(bitarray.c.obj)
                0x000000000000a91e                sys_bitarray_alloc
 .text.sys_bitarray_free
                0x000000000000a9c2       0x6c zephyr/libzephyr.a(bitarray.c.obj)
                0x000000000000a9c2                sys_bitarray_free
 .text.process_recheck
                0x000000000000aa2e       0x38 zephyr/libzephyr.a(onoff.c.obj)
 .text.validate_args
                0x000000000000aa66       0x20 zephyr/libzephyr.a(onoff.c.obj)
 .text.notify_one
                0x000000000000aa86       0x2c zephyr/libzephyr.a(onoff.c.obj)
 .text.transition_complete
                0x000000000000aab2       0x1a zephyr/libzephyr.a(onoff.c.obj)
 .text.onoff_manager_init
                0x000000000000aacc       0x26 zephyr/libzephyr.a(onoff.c.obj)
                0x000000000000aacc                onoff_manager_init
 .text.onoff_request
                0x000000000000aaf2       0xae zephyr/libzephyr.a(onoff.c.obj)
                0x000000000000aaf2                onoff_request
 .text.onoff_release
                0x000000000000aba0       0x48 zephyr/libzephyr.a(onoff.c.obj)
                0x000000000000aba0                onoff_release
 .text.sys_notify_validate
                0x000000000000abe8       0x22 zephyr/libzephyr.a(notify.c.obj)
                0x000000000000abe8                sys_notify_validate
 .text.sys_notify_finalize
                0x000000000000ac0a       0x1a zephyr/libzephyr.a(notify.c.obj)
                0x000000000000ac0a                sys_notify_finalize
 .text._ConfigAbsSyms
                0x000000000000ac24        0x2 zephyr/libzephyr.a(configs.c.obj)
                0x000000000000ac24                _ConfigAbsSyms
 .text.log_msg_generic_get_wlen
                0x000000000000ac26       0x20 zephyr/libzephyr.a(log_core.c.obj)
 .text.dummy_timestamp
                0x000000000000ac46        0x4 zephyr/libzephyr.a(log_core.c.obj)
 .text.default_get_timestamp
                0x000000000000ac4a        0x4 zephyr/libzephyr.a(log_core.c.obj)
 .text.atomic_inc
                0x000000000000ac4e       0x1a zephyr/libzephyr.a(log_core.c.obj)
 .text.z_log_vprintk
                0x000000000000ac68       0x1c zephyr/libzephyr.a(log_core.c.obj)
                0x000000000000ac68                z_log_vprintk
 .text.z_log_notify_drop
                0x000000000000ac84        0x6 zephyr/libzephyr.a(log_core.c.obj)
 .text.z_log_get_tag
                0x000000000000ac8a        0x4 zephyr/libzephyr.a(log_core.c.obj)
                0x000000000000ac8a                z_log_get_tag
 .text.z_cbprintf_cpy
                0x000000000000ac8e       0x2c zephyr/libzephyr.a(log_msg.c.obj)
 .text.z_log_msg_finalize
                0x000000000000acba       0x32 zephyr/libzephyr.a(log_msg.c.obj)
                0x000000000000acba                z_log_msg_finalize
 .text.z_log_msg_simple_create
                0x000000000000acec       0x6e zephyr/libzephyr.a(log_msg.c.obj)
 .text.z_impl_z_log_msg_simple_create_0
                0x000000000000ad5a       0x12 zephyr/libzephyr.a(log_msg.c.obj)
                0x000000000000ad5a                z_impl_z_log_msg_simple_create_0
 .text.z_impl_z_log_msg_simple_create_1
                0x000000000000ad6c       0x14 zephyr/libzephyr.a(log_msg.c.obj)
                0x000000000000ad6c                z_impl_z_log_msg_simple_create_1
 .text.z_impl_z_log_msg_simple_create_2
                0x000000000000ad80       0x18 zephyr/libzephyr.a(log_msg.c.obj)
                0x000000000000ad80                z_impl_z_log_msg_simple_create_2
 .text.log_output_write
                0x000000000000ad98       0x1c zephyr/libzephyr.a(log_output.c.obj)
 .text.log_output_flush
                0x000000000000adb4       0x1a zephyr/libzephyr.a(log_output.c.obj)
 .text.out_func
                0x000000000000adce       0x36 zephyr/libzephyr.a(log_output.c.obj)
 .text.cr_out_func
                0x000000000000ae04       0x1c zephyr/libzephyr.a(log_output.c.obj)
 .text.log_output_msg_process
                0x000000000000ae20       0x6a zephyr/libzephyr.a(log_output.c.obj)
                0x000000000000ae20                log_output_msg_process
 .text.format_set
                0x000000000000ae8a        0xc zephyr/libzephyr.a(log_backend_uart.c.obj)
 .text.log_backend_uart_init
                0x000000000000ae96        0xc zephyr/libzephyr.a(log_backend_uart.c.obj)
 .text.panic    0x000000000000aea2       0x32 zephyr/libzephyr.a(log_backend_uart.c.obj)
 .text.dropped  0x000000000000aed4        0xa zephyr/libzephyr.a(log_backend_uart.c.obj)
 .text.process  0x000000000000aede       0x1e zephyr/libzephyr.a(log_backend_uart.c.obj)
 .text.abort_function
                0x000000000000aefc        0x2 zephyr/libzephyr.a(nrf_cc3xx_platform_abort_zephyr.c.obj)
 .text.z_do_kernel_oops
                0x000000000000aefe        0x8 zephyr/arch/arch/arm/core/libarch__arm__core.a(fatal.c.obj)
                0x000000000000aefe                z_do_kernel_oops
 .text.z_arm_nmi
                0x000000000000af06        0xe zephyr/arch/arch/arm/core/libarch__arm__core.a(nmi.c.obj)
                0x000000000000af06                z_arm_nmi
 .text.z_log_msg_simple_create_0.constprop.0
                0x000000000000af14        0x8 zephyr/arch/arch/arm/core/cortex_m/libarch__arm__core__cortex_m.a(fault.c.obj)
 .text.z_irq_spurious
                0x000000000000af1c        0x8 zephyr/arch/arch/arm/core/cortex_m/libarch__arm__core__cortex_m.a(irq_manage.c.obj)
                0x000000000000af1c                z_irq_spurious
 .text.arch_irq_unlock_outlined
                0x000000000000af24        0xe zephyr/arch/arch/arm/core/cortex_m/libarch__arm__core__cortex_m.a(thread.c.obj)
                0x000000000000af24                arch_irq_unlock_outlined
 .text.arch_cpu_idle
                0x000000000000af32       0x1a zephyr/arch/arch/arm/core/cortex_m/libarch__arm__core__cortex_m.a(cpu_idle.c.obj)
                0x000000000000af32                arch_cpu_idle
 .text.arch_cpu_atomic_idle
                0x000000000000af4c       0x1e zephyr/arch/arch/arm/core/cortex_m/libarch__arm__core__cortex_m.a(cpu_idle.c.obj)
                0x000000000000af4c                arch_cpu_atomic_idle
 .text.size_to_mpu_rasr_size
                0x000000000000af6a       0x20 zephyr/arch/arch/arm/core/mpu/libarch__arm__core__mpu.a(arm_mpu.c.obj)
 .text.cbputc   0x000000000000af8a        0xc zephyr/lib/libc/picolibc/liblib__libc__picolibc.a(libc-hooks.c.obj)
 .text.picolibc_put
                0x000000000000af96        0xa zephyr/lib/libc/picolibc/liblib__libc__picolibc.a(libc-hooks.c.obj)
 .text.mpsc_pop
                0x000000000000afa0       0x4c zephyr/subsys/rtio/libsubsys__rtio.a(rtio_executor.c.obj)
 .text.rtio_executor_err
                0x000000000000afec        0x6 zephyr/subsys/rtio/libsubsys__rtio.a(rtio_executor.c.obj)
                0x000000000000afec                rtio_executor_err
 .text.rtio_iodev_submit
                0x000000000000aff2       0x46 zephyr/subsys/rtio/libsubsys__rtio.a(rtio_executor.c.obj)
 .text.rtio_executor_submit
                0x000000000000b038       0x6c zephyr/subsys/rtio/libsubsys__rtio.a(rtio_executor.c.obj)
                0x000000000000b038                rtio_executor_submit
 .text.rtio_executor_ok
                0x000000000000b0a4        0x6 zephyr/subsys/rtio/libsubsys__rtio.a(rtio_executor.c.obj)
                0x000000000000b0a4                rtio_executor_ok
 .text.get_status
                0x000000000000b0aa       0x12 zephyr/drivers/clock_control/libdrivers__clock_control.a(clock_control_nrf.c.obj)
 .text.stop     0x000000000000b0bc       0x50 zephyr/drivers/clock_control/libdrivers__clock_control.a(clock_control_nrf.c.obj)
 .text.api_stop
                0x000000000000b10c        0x6 zephyr/drivers/clock_control/libdrivers__clock_control.a(clock_control_nrf.c.obj)
 .text.async_start
                0x000000000000b112       0x5a zephyr/drivers/clock_control/libdrivers__clock_control.a(clock_control_nrf.c.obj)
 .text.api_start
                0x000000000000b16c        0xe zephyr/drivers/clock_control/libdrivers__clock_control.a(clock_control_nrf.c.obj)
 .text.onoff_started_callback
                0x000000000000b17a       0x12 zephyr/drivers/clock_control/libdrivers__clock_control.a(clock_control_nrf.c.obj)
 .text.lfclk_start
                0x000000000000b18c        0x6 zephyr/drivers/clock_control/libdrivers__clock_control.a(clock_control_nrf.c.obj)
 .text.blocking_start_callback
                0x000000000000b192        0x6 zephyr/drivers/clock_control/libdrivers__clock_control.a(clock_control_nrf.c.obj)
 .text.lfclk_stop
                0x000000000000b198       0x10 zephyr/drivers/clock_control/libdrivers__clock_control.a(clock_control_nrf.c.obj)
 .text.timeout_handler
                0x000000000000b1a8        0x4 zephyr/drivers/clock_control/libdrivers__clock_control.a(nrf_clock_calibration.c.obj)
 .text.gpio_nrfx_port_get_raw
                0x000000000000b1ac        0xe zephyr/drivers/gpio/libdrivers__gpio.a(gpio_nrfx.c.obj)
 .text.gpio_nrfx_port_set_masked_raw
                0x000000000000b1ba       0x18 zephyr/drivers/gpio/libdrivers__gpio.a(gpio_nrfx.c.obj)
 .text.gpio_nrfx_port_set_bits_raw
                0x000000000000b1d2        0xc zephyr/drivers/gpio/libdrivers__gpio.a(gpio_nrfx.c.obj)
 .text.gpio_nrfx_port_clear_bits_raw
                0x000000000000b1de        0xc zephyr/drivers/gpio/libdrivers__gpio.a(gpio_nrfx.c.obj)
 .text.gpio_nrfx_port_toggle_bits
                0x000000000000b1ea       0x1a zephyr/drivers/gpio/libdrivers__gpio.a(gpio_nrfx.c.obj)
 .text.gpio_nrfx_manage_callback
                0x000000000000b204       0x52 zephyr/drivers/gpio/libdrivers__gpio.a(gpio_nrfx.c.obj)
 .text.pinctrl_lookup_state
                0x000000000000b256       0x26 zephyr/drivers/pinctrl/libdrivers__pinctrl.a(common.c.obj)
                0x000000000000b256                pinctrl_lookup_state
 .text.icm42688_sample_fetch
                0x000000000000b27c       0x50 zephyr/drivers/sensor/tdk/icm42688/libdrivers__sensor__tdk__icm42688.a(icm42688.c.obj)
 .text.z_log_msg_simple_create_0.constprop.0
                0x000000000000b2cc        0x8 zephyr/drivers/sensor/tdk/icm42688/libdrivers__sensor__tdk__icm42688.a(icm42688.c.obj)
 .text.icm42688_channel_get
                0x000000000000b2d4       0x14 zephyr/drivers/sensor/tdk/icm42688/libdrivers__sensor__tdk__icm42688.a(icm42688.c.obj)
 .text.z_log_msg_simple_create_0
                0x000000000000b2e8        0x4 zephyr/drivers/sensor/tdk/icm42688/libdrivers__sensor__tdk__icm42688.a(icm42688_common.c.obj)
 .text.k_msleep.isra.0
                0x000000000000b2ec       0x20 zephyr/drivers/sensor/tdk/icm42688/libdrivers__sensor__tdk__icm42688.a(icm42688_common.c.obj)
 .text.icm42688_safely_configure
                0x000000000000b30c       0x28 zephyr/drivers/sensor/tdk/icm42688/libdrivers__sensor__tdk__icm42688.a(icm42688_common.c.obj)
                0x000000000000b30c                icm42688_safely_configure
 .text.icm42688_read_all
                0x000000000000b334        0xc zephyr/drivers/sensor/tdk/icm42688/libdrivers__sensor__tdk__icm42688.a(icm42688_common.c.obj)
                0x000000000000b334                icm42688_read_all
 .text.spi_read_register
                0x000000000000b340       0x42 zephyr/drivers/sensor/tdk/icm42688/libdrivers__sensor__tdk__icm42688.a(icm42688_spi.c.obj)
 .text.spi_write_register
                0x000000000000b382       0x3a zephyr/drivers/sensor/tdk/icm42688/libdrivers__sensor__tdk__icm42688.a(icm42688_spi.c.obj)
 .text.icm42688_spi_read
                0x000000000000b3bc        0x6 zephyr/drivers/sensor/tdk/icm42688/libdrivers__sensor__tdk__icm42688.a(icm42688_spi.c.obj)
                0x000000000000b3bc                icm42688_spi_read
 .text.icm42688_spi_single_write
                0x000000000000b3c2        0x6 zephyr/drivers/sensor/tdk/icm42688/libdrivers__sensor__tdk__icm42688.a(icm42688_spi.c.obj)
                0x000000000000b3c2                icm42688_spi_single_write
 .text.icm42688_get_shift
                0x000000000000b3c8       0x60 zephyr/drivers/sensor/tdk/icm42688/libdrivers__sensor__tdk__icm42688.a(icm42688_decoder.c.obj)
 .text.icm42688_decoder_get_frame_count
                0x000000000000b428       0x74 zephyr/drivers/sensor/tdk/icm42688/libdrivers__sensor__tdk__icm42688.a(icm42688_decoder.c.obj)
 .text.icm42688_decoder_get_size_info
                0x000000000000b49c       0x26 zephyr/drivers/sensor/tdk/icm42688/libdrivers__sensor__tdk__icm42688.a(icm42688_decoder.c.obj)
 .text.icm24688_decoder_has_trigger
                0x000000000000b4c2       0x3e zephyr/drivers/sensor/tdk/icm42688/libdrivers__sensor__tdk__icm42688.a(icm42688_decoder.c.obj)
 .text.icm42688_gpio_callback
                0x000000000000b500        0x8 zephyr/drivers/sensor/tdk/icm42688/libdrivers__sensor__tdk__icm42688.a(icm42688_trigger.c.obj)
 .text.icm42688_trigger_enable_interrupt
                0x000000000000b508       0x42 zephyr/drivers/sensor/tdk/icm42688/libdrivers__sensor__tdk__icm42688.a(icm42688_trigger.c.obj)
                0x000000000000b508                icm42688_trigger_enable_interrupt
 .text.icm42688_lock
                0x000000000000b54a       0x10 zephyr/drivers/sensor/tdk/icm42688/libdrivers__sensor__tdk__icm42688.a(icm42688_trigger.c.obj)
                0x000000000000b54a                icm42688_lock
 .text.icm42688_unlock
                0x000000000000b55a        0x8 zephyr/drivers/sensor/tdk/icm42688/libdrivers__sensor__tdk__icm42688.a(icm42688_trigger.c.obj)
                0x000000000000b55a                icm42688_unlock
 .text.icm42688_trigger_set
                0x000000000000b562       0x6c zephyr/drivers/sensor/tdk/icm42688/libdrivers__sensor__tdk__icm42688.a(icm42688_trigger.c.obj)
                0x000000000000b562                icm42688_trigger_set
 .text.icm42688_work_handler
                0x000000000000b5ce       0x20 zephyr/drivers/sensor/tdk/icm42688/libdrivers__sensor__tdk__icm42688.a(icm42688_trigger.c.obj)
 .text.sensor_decoders_init
                0x000000000000b5ee        0x4 zephyr/drivers/sensor/libdrivers__sensor.a(sensor_decoders_init.c.obj)
 .text.uarte_nrfx_err_check
                0x000000000000b5f2        0xe zephyr/drivers/serial/libdrivers__serial.a(uart_nrfx_uarte.c.obj)
 .text.uarte_nrfx_poll_in
                0x000000000000b600       0x26 zephyr/drivers/serial/libdrivers__serial.a(uart_nrfx_uarte.c.obj)
 .text.is_tx_ready.isra.0
                0x000000000000b626       0x20 zephyr/drivers/serial/libdrivers__serial.a(uart_nrfx_uarte.c.obj)
 .text.uarte_nrfx_isr_int
                0x000000000000b646       0x42 zephyr/drivers/serial/libdrivers__serial.a(uart_nrfx_uarte.c.obj)
 .text.z_log_msg_simple_create_0
                0x000000000000b688        0x4 zephyr/drivers/spi/libdrivers__spi.a(spi_nrfx_spim.c.obj)
 .text.irq_connect1
                0x000000000000b68c        0xa zephyr/drivers/spi/libdrivers__spi.a(spi_nrfx_spim.c.obj)
 .text.spi_context_get_next_buf.constprop.0
                0x000000000000b696       0x26 zephyr/drivers/spi/libdrivers__spi.a(spi_nrfx_spim.c.obj)
 .text.pinctrl_apply_state
                0x000000000000b6bc       0x1e zephyr/drivers/spi/libdrivers__spi.a(spi_nrfx_spim.c.obj)
 .text.gpio_pin_set_dt.isra.0
                0x000000000000b6da       0x28 zephyr/drivers/spi/libdrivers__spi.a(spi_nrfx_spim.c.obj)
 .text._spi_context_cs_control
                0x000000000000b702       0x40 zephyr/drivers/spi/libdrivers__spi.a(spi_nrfx_spim.c.obj)
 .text.spi_context_unlock_unconditionally
                0x000000000000b742       0x20 zephyr/drivers/spi/libdrivers__spi.a(spi_nrfx_spim.c.obj)
 .text.spi_nrfx_release
                0x000000000000b762       0x24 zephyr/drivers/spi/libdrivers__spi.a(spi_nrfx_spim.c.obj)
 .text.finish_transaction
                0x000000000000b786       0x22 zephyr/drivers/spi/libdrivers__spi.a(spi_nrfx_spim.c.obj)
 .text.spi_nrfx_wake_request
                0x000000000000b7a8       0x50 zephyr/drivers/spi/libdrivers__spi.a(spi_nrfx_common.c.obj)
                0x000000000000b7a8                spi_nrfx_wake_request
 .text.event_clear
                0x000000000000b7f8       0x18 zephyr/drivers/timer/libdrivers__timer.a(nrf_rtc_timer.c.obj)
 .text.sys_clock_cycle_get_32
                0x000000000000b810        0x8 zephyr/drivers/timer/libdrivers__timer.a(nrf_rtc_timer.c.obj)
                0x000000000000b810                sys_clock_cycle_get_32
 .text.hw_cc3xx_init_internal
                0x000000000000b818        0x4 modules/nrf/drivers/hw_cc3xx/lib..__nrf__drivers__hw_cc3xx.a(hw_cc3xx.c.obj)
 .text.hw_cc3xx_init
                0x000000000000b81c       0x12 modules/nrf/drivers/hw_cc3xx/lib..__nrf__drivers__hw_cc3xx.a(hw_cc3xx.c.obj)
 .text.nrfx_isr
                0x000000000000b82e        0x2 modules/hal_nordic/nrfx/libmodules__hal_nordic__nrfx.a(nrfx_glue.c.obj)
                0x000000000000b82e                nrfx_isr
 .text.nrfx_busy_wait
                0x000000000000b830        0x4 modules/hal_nordic/nrfx/libmodules__hal_nordic__nrfx.a(nrfx_glue.c.obj)
                0x000000000000b830                nrfx_busy_wait
 .text.nrfx_gppi_channel_endpoints_setup
                0x000000000000b834       0x14 modules/hal_nordic/nrfx/libmodules__hal_nordic__nrfx.a(nrfx_gppi_ppi.c.obj)
                0x000000000000b834                nrfx_gppi_channel_endpoints_setup
 .text.nrfx_gppi_channel_alloc
                0x000000000000b848        0x4 modules/hal_nordic/nrfx/libmodules__hal_nordic__nrfx.a(nrfx_gppi_ppi.c.obj)
                0x000000000000b848                nrfx_gppi_channel_alloc
 .text.nrfx_clock_stop
                0x000000000000b84c        0x4 modules/hal_nordic/nrfx/libmodules__hal_nordic__nrfx.a(nrfx_clock.c.obj)
                0x000000000000b84c                nrfx_clock_stop
 .text.nrf_gpio_reconfigure
                0x000000000000b850       0x92 modules/hal_nordic/nrfx/libmodules__hal_nordic__nrfx.a(nrfx_gpiote.c.obj)
 .text.nrf_gpio_cfg_sense_set
                0x000000000000b8e2       0x1e modules/hal_nordic/nrfx/libmodules__hal_nordic__nrfx.a(nrfx_gpiote.c.obj)
 .text.pin_in_event_get.isra.0
                0x000000000000b900       0x22 modules/hal_nordic/nrfx/libmodules__hal_nordic__nrfx.a(nrfx_gpiote.c.obj)
 .text.pin_trigger_disable
                0x000000000000b922       0x48 modules/hal_nordic/nrfx/libmodules__hal_nordic__nrfx.a(nrfx_gpiote.c.obj)
 .text.nrfx_gpiote_pin_uninit
                0x000000000000b96a        0x4 modules/hal_nordic/nrfx/libmodules__hal_nordic__nrfx.a(nrfx_gpiote.c.obj)
                0x000000000000b96a                nrfx_gpiote_pin_uninit
 .text.nrfx_gpiote_trigger_disable
                0x000000000000b96e        0x4 modules/hal_nordic/nrfx/libmodules__hal_nordic__nrfx.a(nrfx_gpiote.c.obj)
                0x000000000000b96e                nrfx_gpiote_trigger_disable
 .text.nrfx_gpiote_in_event_get
                0x000000000000b972        0x6 modules/hal_nordic/nrfx/libmodules__hal_nordic__nrfx.a(nrfx_gpiote.c.obj)
                0x000000000000b972                nrfx_gpiote_in_event_get
 .text.__nrfy_internal_spim_event_handle
                0x000000000000b978       0x2a modules/hal_nordic/nrfx/libmodules__hal_nordic__nrfx.a(nrfx_spim.c.obj)
 .text.__nrfy_internal_spim_events_process
                0x000000000000b9a2       0x7c modules/hal_nordic/nrfx/libmodules__hal_nordic__nrfx.a(nrfx_spim.c.obj)
 .text.nrf_gpio_pin_set
                0x000000000000ba1e       0x1a modules/hal_nordic/nrfx/libmodules__hal_nordic__nrfx.a(nrfx_spim.c.obj)
 .text.nrf_gpio_pin_clear
                0x000000000000ba38       0x1a modules/hal_nordic/nrfx/libmodules__hal_nordic__nrfx.a(nrfx_spim.c.obj)
 .text.SEGGER_RTT_Init
                0x000000000000ba52        0x4 modules/segger/libmodules__segger.a(SEGGER_RTT.c.obj)
                0x000000000000ba52                SEGGER_RTT_Init
 .text.rtt_init
                0x000000000000ba56        0xa modules/segger/libmodules__segger.a(SEGGER_RTT_zephyr.c.obj)
 .text.z_impl_k_busy_wait
                0x000000000000ba60        0x8 zephyr/kernel/libkernel.a(busy_wait.c.obj)
                0x000000000000ba60                z_impl_k_busy_wait
 .text.z_device_state_init
                0x000000000000ba68        0x2 zephyr/kernel/libkernel.a(device.c.obj)
                0x000000000000ba68                z_device_state_init
 .text.z_impl_device_is_ready
                0x000000000000ba6a       0x16 zephyr/kernel/libkernel.a(device.c.obj)
                0x000000000000ba6a                z_impl_device_is_ready
 .text.arch_system_halt
                0x000000000000ba80       0x10 zephyr/kernel/libkernel.a(fatal.c.obj)
                0x000000000000ba80                arch_system_halt
 .text.do_device_init
                0x000000000000ba90       0x30 zephyr/kernel/libkernel.a(init.c.obj)
 .text.z_early_memset
                0x000000000000bac0        0x4 zephyr/kernel/libkernel.a(init.c.obj)
                0x000000000000bac0                z_early_memset
 .text.z_early_memcpy
                0x000000000000bac4        0x4 zephyr/kernel/libkernel.a(init.c.obj)
                0x000000000000bac4                z_early_memcpy
 .text.z_init_static
                0x000000000000bac8        0x2 zephyr/kernel/libkernel.a(init_static.c.obj)
                0x000000000000bac8                z_init_static
 .text.create_free_list
                0x000000000000baca       0x34 zephyr/kernel/libkernel.a(mem_slab.c.obj)
 .text.k_mem_slab_init
                0x000000000000bafe       0x1c zephyr/kernel/libkernel.a(mem_slab.c.obj)
                0x000000000000bafe                k_mem_slab_init
 .text.k_mem_slab_free
                0x000000000000bb1a       0x4c zephyr/kernel/libkernel.a(mem_slab.c.obj)
                0x000000000000bb1a                k_mem_slab_free
 .text.idle     0x000000000000bb66       0x16 zephyr/kernel/libkernel.a(idle.c.obj)
                0x000000000000bb66                idle
 .text.adjust_owner_prio.isra.0
                0x000000000000bb7c       0x10 zephyr/kernel/libkernel.a(mutex.c.obj)
 .text.z_impl_k_mutex_init
                0x000000000000bb8c        0xe zephyr/kernel/libkernel.a(mutex.c.obj)
                0x000000000000bb8c                z_impl_k_mutex_init
 .text.z_impl_k_sem_init
                0x000000000000bb9a       0x18 zephyr/kernel/libkernel.a(sem.c.obj)
                0x000000000000bb9a                z_impl_k_sem_init
 .text.flag_test_and_clear
                0x000000000000bbb2       0x16 zephyr/kernel/libkernel.a(work.c.obj)
 .text.notify_queue_locked.isra.0
                0x000000000000bbc8        0xe zephyr/kernel/libkernel.a(work.c.obj)
 .text.z_work_submit_to_queue
                0x000000000000bbd6       0x26 zephyr/kernel/libkernel.a(work.c.obj)
                0x000000000000bbd6                z_work_submit_to_queue
 .text.k_work_submit_to_queue
                0x000000000000bbfc       0x20 zephyr/kernel/libkernel.a(work.c.obj)
                0x000000000000bbfc                k_work_submit_to_queue
 .text.k_is_in_isr
                0x000000000000bc1c        0xc zephyr/kernel/libkernel.a(thread.c.obj)
                0x000000000000bc1c                k_is_in_isr
 .text.z_impl_k_thread_name_set
                0x000000000000bc28        0x6 zephyr/kernel/libkernel.a(thread.c.obj)
                0x000000000000bc28                z_impl_k_thread_name_set
 .text.k_thread_name_get
                0x000000000000bc2e        0x4 zephyr/kernel/libkernel.a(thread.c.obj)
                0x000000000000bc2e                k_thread_name_get
 .text.z_impl_k_thread_start
                0x000000000000bc32        0x4 zephyr/kernel/libkernel.a(thread.c.obj)
                0x000000000000bc32                z_impl_k_thread_start
 .text.sys_dlist_remove
                0x000000000000bc36       0x10 zephyr/kernel/libkernel.a(sched.c.obj)
 .text.unpend_thread_no_timeout
                0x000000000000bc46       0x14 zephyr/kernel/libkernel.a(sched.c.obj)
 .text.z_sched_prio_cmp
                0x000000000000bc5a       0x1e zephyr/kernel/libkernel.a(sched.c.obj)
                0x000000000000bc5a                z_sched_prio_cmp
 .text.add_to_waitq_locked
                0x000000000000bc78       0x4a zephyr/kernel/libkernel.a(sched.c.obj)
 .text.z_ready_thread
                0x000000000000bcc2       0x1e zephyr/kernel/libkernel.a(sched.c.obj)
                0x000000000000bcc2                z_ready_thread
 .text.z_impl_k_thread_suspend
                0x000000000000bce0       0x34 zephyr/kernel/libkernel.a(sched.c.obj)
                0x000000000000bce0                z_impl_k_thread_suspend
 .text.z_unpend_thread_no_timeout
                0x000000000000bd14       0x22 zephyr/kernel/libkernel.a(sched.c.obj)
                0x000000000000bd14                z_unpend_thread_no_timeout
 .text.z_sched_wake_thread
                0x000000000000bd36       0x42 zephyr/kernel/libkernel.a(sched.c.obj)
                0x000000000000bd36                z_sched_wake_thread
 .text.z_thread_timeout
                0x000000000000bd78        0x8 zephyr/kernel/libkernel.a(sched.c.obj)
                0x000000000000bd78                z_thread_timeout
 .text.z_unpend1_no_timeout
                0x000000000000bd80       0x2c zephyr/kernel/libkernel.a(sched.c.obj)
                0x000000000000bd80                z_unpend1_no_timeout
 .text.z_unpend_first_thread
                0x000000000000bdac       0x36 zephyr/kernel/libkernel.a(sched.c.obj)
                0x000000000000bdac                z_unpend_first_thread
 .text.z_thread_abort
                0x000000000000bde2       0x44 zephyr/kernel/libkernel.a(sched.c.obj)
                0x000000000000bde2                z_thread_abort
 .text.z_sched_wake
                0x000000000000be26       0x46 zephyr/kernel/libkernel.a(sched.c.obj)
                0x000000000000be26                z_sched_wake
 .text.z_abort_timeout
                0x000000000000be6c       0x2a zephyr/kernel/libkernel.a(timeout.c.obj)
                0x000000000000be6c                z_abort_timeout
 .text.sys_clock_tick_get_32
                0x000000000000be96        0x8 zephyr/kernel/libkernel.a(timeout.c.obj)
                0x000000000000be96                sys_clock_tick_get_32
 .text.z_impl_k_uptime_ticks
                0x000000000000be9e        0x4 zephyr/kernel/libkernel.a(timeout.c.obj)
                0x000000000000be9e                z_impl_k_uptime_ticks
 .text.k_timer_init
                0x000000000000bea2       0x18 zephyr/kernel/libkernel.a(timer.c.obj)
                0x000000000000bea2                k_timer_init
 .text.z_impl_k_timer_stop
                0x000000000000beba       0x38 zephyr/kernel/libkernel.a(timer.c.obj)
                0x000000000000beba                z_impl_k_timer_stop
 .text.memcpy   0x000000000000bef2       0x1c c:\ncs\toolchains\b620d30767\opt\zephyr-sdk\arm-zephyr-eabi\bin\../lib/gcc/../../picolibc/arm-zephyr-eabi/lib/thumb/v7e-m/nofp\libc.a(memcpy.c.o)
                0x000000000000bef2                __aeabi_memcpy
                0x000000000000bef2                __aeabi_memcpy4